[2026-03-12 10:00:34] [INFO] === S3 Migration Started ===
[2026-03-12 10:00:34] [INFO] Source      : s3://asoose-storage  (profile: old-account)
[2026-03-12 10:00:34] [INFO] Destination : s3://asoose-storage-migration  (profile: new-account)
[2026-03-12 10:00:34] [INFO] Log file    : S3Migration_20260312_100034.log
[2026-03-12 10:00:34] [INFO] Listing objects in source bucket...
[2026-03-12 10:00:39] [INFO] Found 470 object(s) to migrate.
[2026-03-12 10:00:39] [INFO] Copying: s3://asoose-storage/migrated/item-thumbnails/BSw3GrjnIegH6TxTQlBkIO9pYL23/item_4_liters_Tigernut_Drink_1752618455794.jpeg  -->  s3://asoose-storage-migration/migrated/item-thumbnails/BSw3GrjnIegH6TxTQlBkIO9pYL23/item_4_liters_Tigernut_Drink_1752618455794.jpeg
[2026-03-12 10:00:48] [INFO]   OK 'migrated/item-thumbnails/BSw3GrjnIegH6TxTQlBkIO9pYL23/item_4_liters_Tigernut_Drink_1752618455794.jpeg' (StorageClass: STANDARD)
[2026-03-12 10:00:48] [INFO] Copying: s3://asoose-storage/migrated/item-thumbnails/BSw3GrjnIegH6TxTQlBkIO9pYL23/item_50cl_Kunun_Aya__Tigernut_Drink__1752492819154.jpg  -->  s3://asoose-storage-migration/migrated/item-thumbnails/BSw3GrjnIegH6TxTQlBkIO9pYL23/item_50cl_Kunun_Aya__Tigernut_Drink__1752492819154.jpg
[2026-03-12 10:00:57] [INFO]   OK 'migrated/item-thumbnails/BSw3GrjnIegH6TxTQlBkIO9pYL23/item_50cl_Kunun_Aya__Tigernut_Drink__1752492819154.jpg' (StorageClass: STANDARD)
[2026-03-12 10:00:57] [INFO] Copying: s3://asoose-storage/migrated/item-thumbnails/C6nZxYLACveeQvx5eVnwWvch70s2/item_Liquid_Metal_Pleated_Earrings__1752687012384.jpeg  -->  s3://asoose-storage-migration/migrated/item-thumbnails/C6nZxYLACveeQvx5eVnwWvch70s2/item_Liquid_Metal_Pleated_Earrings__1752687012384.jpeg
[2026-03-12 10:01:18] [INFO]   OK 'migrated/item-thumbnails/C6nZxYLACveeQvx5eVnwWvch70s2/item_Liquid_Metal_Pleated_Earrings__1752687012384.jpeg' (StorageClass: STANDARD)
[2026-03-12 10:01:18] [INFO] Copying: s3://asoose-storage/migrated/item-thumbnails/C6nZxYLACveeQvx5eVnwWvch70s2/item_Long_Tassel_Earrings__1752688641380.jpeg  -->  s3://asoose-storage-migration/migrated/item-thumbnails/C6nZxYLACveeQvx5eVnwWvch70s2/item_Long_Tassel_Earrings__1752688641380.jpeg
[2026-03-12 10:01:34] [INFO]   OK 'migrated/item-thumbnails/C6nZxYLACveeQvx5eVnwWvch70s2/item_Long_Tassel_Earrings__1752688641380.jpeg' (StorageClass: STANDARD)
[2026-03-12 10:01:34] [INFO] Copying: s3://asoose-storage/migrated/items/1748355269833.jpg  -->  s3://asoose-storage-migration/migrated/items/1748355269833.jpg
[2026-03-12 10:01:41] [INFO]   OK 'migrated/items/1748355269833.jpg' (StorageClass: STANDARD)
[2026-03-12 10:01:41] [INFO] Copying: s3://asoose-storage/migrated/items/1748428876033.jpg  -->  s3://asoose-storage-migration/migrated/items/1748428876033.jpg
[2026-03-12 10:01:48] [INFO]   OK 'migrated/items/1748428876033.jpg' (StorageClass: STANDARD)
[2026-03-12 10:01:48] [INFO] Copying: s3://asoose-storage/migrated/items/1748428989899.jpg  -->  s3://asoose-storage-migration/migrated/items/1748428989899.jpg
[2026-03-12 10:01:56] [INFO]   OK 'migrated/items/1748428989899.jpg' (StorageClass: STANDARD)
[2026-03-12 10:01:56] [INFO] Copying: s3://asoose-storage/migrated/items/1748429427149.jpg  -->  s3://asoose-storage-migration/migrated/items/1748429427149.jpg
[2026-03-12 10:02:03] [INFO]   OK 'migrated/items/1748429427149.jpg' (StorageClass: STANDARD)
[2026-03-12 10:02:03] [INFO] Copying: s3://asoose-storage/migrated/items/1748429485207.jpg  -->  s3://asoose-storage-migration/migrated/items/1748429485207.jpg
[2026-03-12 10:02:10] [INFO]   OK 'migrated/items/1748429485207.jpg' (StorageClass: STANDARD)
[2026-03-12 10:02:10] [INFO] Copying: s3://asoose-storage/migrated/items/1748429530119.jpg  -->  s3://asoose-storage-migration/migrated/items/1748429530119.jpg
[2026-03-12 10:02:17] [INFO]   OK 'migrated/items/1748429530119.jpg' (StorageClass: STANDARD)
[2026-03-12 10:02:17] [INFO] Copying: s3://asoose-storage/migrated/items/1748429985051.jpg  -->  s3://asoose-storage-migration/migrated/items/1748429985051.jpg
[2026-03-12 10:02:32] [INFO]   OK 'migrated/items/1748429985051.jpg' (StorageClass: STANDARD)
[2026-03-12 10:02:32] [INFO] Copying: s3://asoose-storage/migrated/items/1748430177793.jpg  -->  s3://asoose-storage-migration/migrated/items/1748430177793.jpg
[2026-03-12 10:02:57] [INFO]   OK 'migrated/items/1748430177793.jpg' (StorageClass: STANDARD)
[2026-03-12 10:02:57] [INFO] Copying: s3://asoose-storage/migrated/items/1748430275747.jpg  -->  s3://asoose-storage-migration/migrated/items/1748430275747.jpg
[2026-03-12 10:03:34] [INFO]   OK 'migrated/items/1748430275747.jpg' (StorageClass: STANDARD)
[2026-03-12 10:03:34] [INFO] Copying: s3://asoose-storage/migrated/items/1748430592776.jpg  -->  s3://asoose-storage-migration/migrated/items/1748430592776.jpg
[2026-03-12 10:03:45] [INFO]   OK 'migrated/items/1748430592776.jpg' (StorageClass: STANDARD)
[2026-03-12 10:03:45] [INFO] Copying: s3://asoose-storage/migrated/items/1748710759417.jpg  -->  s3://asoose-storage-migration/migrated/items/1748710759417.jpg
[2026-03-12 10:03:56] [INFO]   OK 'migrated/items/1748710759417.jpg' (StorageClass: STANDARD)
[2026-03-12 10:03:56] [INFO] Copying: s3://asoose-storage/migrated/items/1748710886422.jpg  -->  s3://asoose-storage-migration/migrated/items/1748710886422.jpg
[2026-03-12 10:04:37] [INFO]   OK 'migrated/items/1748710886422.jpg' (StorageClass: STANDARD)
[2026-03-12 10:04:37] [INFO] Copying: s3://asoose-storage/migrated/items/1748710953983.jpg  -->  s3://asoose-storage-migration/migrated/items/1748710953983.jpg
[2026-03-12 10:04:45] [INFO]   OK 'migrated/items/1748710953983.jpg' (StorageClass: STANDARD)
[2026-03-12 10:04:45] [INFO] Copying: s3://asoose-storage/migrated/items/1748711083943.jpg  -->  s3://asoose-storage-migration/migrated/items/1748711083943.jpg
[2026-03-12 10:04:51] [INFO]   OK 'migrated/items/1748711083943.jpg' (StorageClass: STANDARD)
[2026-03-12 10:04:51] [INFO] Copying: s3://asoose-storage/migrated/items/1748711163408.jpg  -->  s3://asoose-storage-migration/migrated/items/1748711163408.jpg
[2026-03-12 10:04:59] [INFO]   OK 'migrated/items/1748711163408.jpg' (StorageClass: STANDARD)
[2026-03-12 10:04:59] [INFO] Copying: s3://asoose-storage/migrated/items/1748711300808.jpg  -->  s3://asoose-storage-migration/migrated/items/1748711300808.jpg
[2026-03-12 10:05:06] [INFO]   OK 'migrated/items/1748711300808.jpg' (StorageClass: STANDARD)
[2026-03-12 10:05:06] [INFO] Copying: s3://asoose-storage/migrated/items/1749135637980.jpg  -->  s3://asoose-storage-migration/migrated/items/1749135637980.jpg
[2026-03-12 10:05:13] [INFO]   OK 'migrated/items/1749135637980.jpg' (StorageClass: STANDARD)
[2026-03-12 10:05:13] [INFO] Copying: s3://asoose-storage/migrated/items/1749204523423.jpg  -->  s3://asoose-storage-migration/migrated/items/1749204523423.jpg
[2026-03-12 10:05:20] [INFO]   OK 'migrated/items/1749204523423.jpg' (StorageClass: STANDARD)
[2026-03-12 10:05:20] [INFO] Copying: s3://asoose-storage/migrated/items/1749204697006.jpg  -->  s3://asoose-storage-migration/migrated/items/1749204697006.jpg
[2026-03-12 10:05:27] [INFO]   OK 'migrated/items/1749204697006.jpg' (StorageClass: STANDARD)
[2026-03-12 10:05:27] [INFO] Copying: s3://asoose-storage/migrated/items/1749204838464.jpg  -->  s3://asoose-storage-migration/migrated/items/1749204838464.jpg
[2026-03-12 10:05:34] [INFO]   OK 'migrated/items/1749204838464.jpg' (StorageClass: STANDARD)
[2026-03-12 10:05:34] [INFO] Copying: s3://asoose-storage/migrated/items/1749204963188.jpg  -->  s3://asoose-storage-migration/migrated/items/1749204963188.jpg
[2026-03-12 10:05:40] [INFO]   OK 'migrated/items/1749204963188.jpg' (StorageClass: STANDARD)
[2026-03-12 10:05:40] [INFO] Copying: s3://asoose-storage/migrated/items/1749205405189.jpg  -->  s3://asoose-storage-migration/migrated/items/1749205405189.jpg
[2026-03-12 10:05:48] [INFO]   OK 'migrated/items/1749205405189.jpg' (StorageClass: STANDARD)
[2026-03-12 10:05:48] [INFO] Copying: s3://asoose-storage/migrated/items/1749205500862.jpg  -->  s3://asoose-storage-migration/migrated/items/1749205500862.jpg
[2026-03-12 10:05:55] [INFO]   OK 'migrated/items/1749205500862.jpg' (StorageClass: STANDARD)
[2026-03-12 10:05:55] [INFO] Copying: s3://asoose-storage/migrated/items/1749205585738.jpg  -->  s3://asoose-storage-migration/migrated/items/1749205585738.jpg
[2026-03-12 10:06:02] [INFO]   OK 'migrated/items/1749205585738.jpg' (StorageClass: STANDARD)
[2026-03-12 10:06:02] [INFO] Copying: s3://asoose-storage/migrated/items/1749303675950.jpg  -->  s3://asoose-storage-migration/migrated/items/1749303675950.jpg
[2026-03-12 10:06:09] [INFO]   OK 'migrated/items/1749303675950.jpg' (StorageClass: STANDARD)
[2026-03-12 10:06:09] [INFO] Copying: s3://asoose-storage/migrated/items/1749303933007.jpg  -->  s3://asoose-storage-migration/migrated/items/1749303933007.jpg
[2026-03-12 10:06:18] [INFO]   OK 'migrated/items/1749303933007.jpg' (StorageClass: STANDARD)
[2026-03-12 10:06:18] [INFO] Copying: s3://asoose-storage/migrated/items/1749304342240.jpg  -->  s3://asoose-storage-migration/migrated/items/1749304342240.jpg
[2026-03-12 10:06:26] [INFO]   OK 'migrated/items/1749304342240.jpg' (StorageClass: STANDARD)
[2026-03-12 10:06:26] [INFO] Copying: s3://asoose-storage/migrated/items/1749304427732.jpg  -->  s3://asoose-storage-migration/migrated/items/1749304427732.jpg
[2026-03-12 10:06:33] [INFO]   OK 'migrated/items/1749304427732.jpg' (StorageClass: STANDARD)
[2026-03-12 10:06:33] [INFO] Copying: s3://asoose-storage/migrated/items/1749305118359.jpg  -->  s3://asoose-storage-migration/migrated/items/1749305118359.jpg
[2026-03-12 10:06:40] [INFO]   OK 'migrated/items/1749305118359.jpg' (StorageClass: STANDARD)
[2026-03-12 10:06:41] [INFO] Copying: s3://asoose-storage/migrated/items/1749305326622.jpg  -->  s3://asoose-storage-migration/migrated/items/1749305326622.jpg
[2026-03-12 10:06:47] [INFO]   OK 'migrated/items/1749305326622.jpg' (StorageClass: STANDARD)
[2026-03-12 10:06:47] [INFO] Copying: s3://asoose-storage/migrated/items/1749305475231.jpg  -->  s3://asoose-storage-migration/migrated/items/1749305475231.jpg
[2026-03-12 10:06:54] [INFO]   OK 'migrated/items/1749305475231.jpg' (StorageClass: STANDARD)
[2026-03-12 10:06:54] [INFO] Copying: s3://asoose-storage/migrated/items/1749305616665.jpg  -->  s3://asoose-storage-migration/migrated/items/1749305616665.jpg
[2026-03-12 10:07:02] [INFO]   OK 'migrated/items/1749305616665.jpg' (StorageClass: STANDARD)
[2026-03-12 10:07:02] [INFO] Copying: s3://asoose-storage/migrated/items/1749305766870.jpg  -->  s3://asoose-storage-migration/migrated/items/1749305766870.jpg
[2026-03-12 10:07:26] [INFO]   OK 'migrated/items/1749305766870.jpg' (StorageClass: STANDARD)
[2026-03-12 10:07:26] [INFO] Copying: s3://asoose-storage/migrated/items/1749306500202.jpg  -->  s3://asoose-storage-migration/migrated/items/1749306500202.jpg
[2026-03-12 10:07:33] [INFO]   OK 'migrated/items/1749306500202.jpg' (StorageClass: STANDARD)
[2026-03-12 10:07:33] [INFO] Copying: s3://asoose-storage/migrated/items/1749306807150.jpg  -->  s3://asoose-storage-migration/migrated/items/1749306807150.jpg
[2026-03-12 10:07:40] [INFO]   OK 'migrated/items/1749306807150.jpg' (StorageClass: STANDARD)
[2026-03-12 10:07:40] [INFO] Copying: s3://asoose-storage/migrated/items/1749307103723.jpg  -->  s3://asoose-storage-migration/migrated/items/1749307103723.jpg
[2026-03-12 10:07:46] [INFO]   OK 'migrated/items/1749307103723.jpg' (StorageClass: STANDARD)
[2026-03-12 10:07:46] [INFO] Copying: s3://asoose-storage/migrated/items/1749307222893.jpg  -->  s3://asoose-storage-migration/migrated/items/1749307222893.jpg
[2026-03-12 10:07:53] [INFO]   OK 'migrated/items/1749307222893.jpg' (StorageClass: STANDARD)
[2026-03-12 10:07:53] [INFO] Copying: s3://asoose-storage/migrated/items/1749307353538.jpg  -->  s3://asoose-storage-migration/migrated/items/1749307353538.jpg
[2026-03-12 10:08:00] [INFO]   OK 'migrated/items/1749307353538.jpg' (StorageClass: STANDARD)
[2026-03-12 10:08:00] [INFO] Copying: s3://asoose-storage/migrated/items/1749307503015.jpg  -->  s3://asoose-storage-migration/migrated/items/1749307503015.jpg
[2026-03-12 10:08:08] [INFO]   OK 'migrated/items/1749307503015.jpg' (StorageClass: STANDARD)
[2026-03-12 10:08:08] [INFO] Copying: s3://asoose-storage/migrated/items/1749307712231.jpg  -->  s3://asoose-storage-migration/migrated/items/1749307712231.jpg
[2026-03-12 10:08:14] [INFO]   OK 'migrated/items/1749307712231.jpg' (StorageClass: STANDARD)
[2026-03-12 10:08:14] [INFO] Copying: s3://asoose-storage/migrated/items/1749307952051.jpg  -->  s3://asoose-storage-migration/migrated/items/1749307952051.jpg
[2026-03-12 10:08:21] [INFO]   OK 'migrated/items/1749307952051.jpg' (StorageClass: STANDARD)
[2026-03-12 10:08:21] [INFO] Copying: s3://asoose-storage/migrated/items/1749569679009.jpg  -->  s3://asoose-storage-migration/migrated/items/1749569679009.jpg
[2026-03-12 10:08:28] [INFO]   OK 'migrated/items/1749569679009.jpg' (StorageClass: STANDARD)
[2026-03-12 10:08:28] [INFO] Copying: s3://asoose-storage/migrated/items/1749570637421.jpg  -->  s3://asoose-storage-migration/migrated/items/1749570637421.jpg
[2026-03-12 10:08:36] [INFO]   OK 'migrated/items/1749570637421.jpg' (StorageClass: STANDARD)
[2026-03-12 10:08:36] [INFO] Copying: s3://asoose-storage/migrated/items/1750154058110.jpg  -->  s3://asoose-storage-migration/migrated/items/1750154058110.jpg
[2026-03-12 10:08:44] [INFO]   OK 'migrated/items/1750154058110.jpg' (StorageClass: STANDARD)
[2026-03-12 10:08:44] [INFO] Copying: s3://asoose-storage/migrated/items/1750154121657.jpg  -->  s3://asoose-storage-migration/migrated/items/1750154121657.jpg
[2026-03-12 10:08:51] [INFO]   OK 'migrated/items/1750154121657.jpg' (StorageClass: STANDARD)
[2026-03-12 10:08:51] [INFO] Copying: s3://asoose-storage/migrated/items/1750343119182.jpg  -->  s3://asoose-storage-migration/migrated/items/1750343119182.jpg
[2026-03-12 10:08:59] [INFO]   OK 'migrated/items/1750343119182.jpg' (StorageClass: STANDARD)
[2026-03-12 10:08:59] [INFO] Copying: s3://asoose-storage/migrated/items/1750343188865.jpg  -->  s3://asoose-storage-migration/migrated/items/1750343188865.jpg
[2026-03-12 10:09:07] [INFO]   OK 'migrated/items/1750343188865.jpg' (StorageClass: STANDARD)
[2026-03-12 10:09:07] [INFO] Copying: s3://asoose-storage/migrated/items/1750343327103.jpg  -->  s3://asoose-storage-migration/migrated/items/1750343327103.jpg
[2026-03-12 10:09:14] [INFO]   OK 'migrated/items/1750343327103.jpg' (StorageClass: STANDARD)
[2026-03-12 10:09:14] [INFO] Copying: s3://asoose-storage/migrated/items/1750343436801.jpg  -->  s3://asoose-storage-migration/migrated/items/1750343436801.jpg
[2026-03-12 10:09:21] [INFO]   OK 'migrated/items/1750343436801.jpg' (StorageClass: STANDARD)
[2026-03-12 10:09:21] [INFO] Copying: s3://asoose-storage/migrated/items/1750343545303.jpg  -->  s3://asoose-storage-migration/migrated/items/1750343545303.jpg
[2026-03-12 10:09:28] [INFO]   OK 'migrated/items/1750343545303.jpg' (StorageClass: STANDARD)
[2026-03-12 10:09:28] [INFO] Copying: s3://asoose-storage/migrated/items/1750343634824.jpg  -->  s3://asoose-storage-migration/migrated/items/1750343634824.jpg
[2026-03-12 10:09:35] [INFO]   OK 'migrated/items/1750343634824.jpg' (StorageClass: STANDARD)
[2026-03-12 10:09:35] [INFO] Copying: s3://asoose-storage/migrated/items/1750417911751.jpg  -->  s3://asoose-storage-migration/migrated/items/1750417911751.jpg
[2026-03-12 10:09:42] [INFO]   OK 'migrated/items/1750417911751.jpg' (StorageClass: STANDARD)
[2026-03-12 10:09:42] [INFO] Copying: s3://asoose-storage/migrated/items/1750418098640.jpg  -->  s3://asoose-storage-migration/migrated/items/1750418098640.jpg
[2026-03-12 10:09:59] [INFO]   OK 'migrated/items/1750418098640.jpg' (StorageClass: STANDARD)
[2026-03-12 10:09:59] [INFO] Copying: s3://asoose-storage/migrated/items/1750418168765.jpg  -->  s3://asoose-storage-migration/migrated/items/1750418168765.jpg
[2026-03-12 10:10:06] [INFO]   OK 'migrated/items/1750418168765.jpg' (StorageClass: STANDARD)
[2026-03-12 10:10:06] [INFO] Copying: s3://asoose-storage/migrated/items/1750418223829.jpg  -->  s3://asoose-storage-migration/migrated/items/1750418223829.jpg
[2026-03-12 10:10:19] [INFO]   OK 'migrated/items/1750418223829.jpg' (StorageClass: STANDARD)
[2026-03-12 10:10:19] [INFO] Copying: s3://asoose-storage/migrated/items/1750418352168.jpg  -->  s3://asoose-storage-migration/migrated/items/1750418352168.jpg
[2026-03-12 10:10:27] [INFO]   OK 'migrated/items/1750418352168.jpg' (StorageClass: STANDARD)
[2026-03-12 10:10:27] [INFO] Copying: s3://asoose-storage/migrated/items/1750418472554.jpg  -->  s3://asoose-storage-migration/migrated/items/1750418472554.jpg
[2026-03-12 10:10:35] [INFO]   OK 'migrated/items/1750418472554.jpg' (StorageClass: STANDARD)
[2026-03-12 10:10:35] [INFO] Copying: s3://asoose-storage/migrated/items/1750418673291.jpg  -->  s3://asoose-storage-migration/migrated/items/1750418673291.jpg
[2026-03-12 10:10:54] [INFO]   OK 'migrated/items/1750418673291.jpg' (StorageClass: STANDARD)
[2026-03-12 10:10:54] [INFO] Copying: s3://asoose-storage/migrated/items/1750418818374.jpg  -->  s3://asoose-storage-migration/migrated/items/1750418818374.jpg
[2026-03-12 10:11:19] [INFO]   OK 'migrated/items/1750418818374.jpg' (StorageClass: STANDARD)
[2026-03-12 10:11:19] [INFO] Copying: s3://asoose-storage/migrated/items/1750418871984.jpg  -->  s3://asoose-storage-migration/migrated/items/1750418871984.jpg
[2026-03-12 10:11:26] [INFO]   OK 'migrated/items/1750418871984.jpg' (StorageClass: STANDARD)
[2026-03-12 10:11:26] [INFO] Copying: s3://asoose-storage/migrated/items/1750418949887.jpg  -->  s3://asoose-storage-migration/migrated/items/1750418949887.jpg
[2026-03-12 10:11:33] [INFO]   OK 'migrated/items/1750418949887.jpg' (StorageClass: STANDARD)
[2026-03-12 10:11:33] [INFO] Copying: s3://asoose-storage/migrated/items/1750419089155.jpg  -->  s3://asoose-storage-migration/migrated/items/1750419089155.jpg
[2026-03-12 10:11:40] [INFO]   OK 'migrated/items/1750419089155.jpg' (StorageClass: STANDARD)
[2026-03-12 10:11:40] [INFO] Copying: s3://asoose-storage/migrated/items/1750419158567.jpg  -->  s3://asoose-storage-migration/migrated/items/1750419158567.jpg
[2026-03-12 10:11:48] [INFO]   OK 'migrated/items/1750419158567.jpg' (StorageClass: STANDARD)
[2026-03-12 10:11:48] [INFO] Copying: s3://asoose-storage/migrated/items/1750419228275.jpg  -->  s3://asoose-storage-migration/migrated/items/1750419228275.jpg
[2026-03-12 10:11:57] [INFO]   OK 'migrated/items/1750419228275.jpg' (StorageClass: STANDARD)
[2026-03-12 10:11:57] [INFO] Copying: s3://asoose-storage/migrated/items/1750419319996.jpg  -->  s3://asoose-storage-migration/migrated/items/1750419319996.jpg
[2026-03-12 10:12:08] [INFO]   OK 'migrated/items/1750419319996.jpg' (StorageClass: STANDARD)
[2026-03-12 10:12:08] [INFO] Copying: s3://asoose-storage/migrated/items/1750419358038.jpg  -->  s3://asoose-storage-migration/migrated/items/1750419358038.jpg
[2026-03-12 10:12:16] [INFO]   OK 'migrated/items/1750419358038.jpg' (StorageClass: STANDARD)
[2026-03-12 10:12:16] [INFO] Copying: s3://asoose-storage/migrated/items/1750419453789.jpg  -->  s3://asoose-storage-migration/migrated/items/1750419453789.jpg
[2026-03-12 10:12:23] [INFO]   OK 'migrated/items/1750419453789.jpg' (StorageClass: STANDARD)
[2026-03-12 10:12:23] [INFO] Copying: s3://asoose-storage/migrated/items/1750419494667.jpg  -->  s3://asoose-storage-migration/migrated/items/1750419494667.jpg
[2026-03-12 10:12:30] [INFO]   OK 'migrated/items/1750419494667.jpg' (StorageClass: STANDARD)
[2026-03-12 10:12:30] [INFO] Copying: s3://asoose-storage/migrated/items/1750419620537.jpg  -->  s3://asoose-storage-migration/migrated/items/1750419620537.jpg
[2026-03-12 10:12:37] [INFO]   OK 'migrated/items/1750419620537.jpg' (StorageClass: STANDARD)
[2026-03-12 10:12:37] [INFO] Copying: s3://asoose-storage/migrated/items/1750419686671.jpg  -->  s3://asoose-storage-migration/migrated/items/1750419686671.jpg
[2026-03-12 10:12:44] [INFO]   OK 'migrated/items/1750419686671.jpg' (StorageClass: STANDARD)
[2026-03-12 10:12:44] [INFO] Copying: s3://asoose-storage/migrated/items/1750426022043.jpg  -->  s3://asoose-storage-migration/migrated/items/1750426022043.jpg
[2026-03-12 10:12:51] [INFO]   OK 'migrated/items/1750426022043.jpg' (StorageClass: STANDARD)
[2026-03-12 10:12:51] [INFO] Copying: s3://asoose-storage/migrated/items/1750426099258.jpg  -->  s3://asoose-storage-migration/migrated/items/1750426099258.jpg
[2026-03-12 10:12:58] [INFO]   OK 'migrated/items/1750426099258.jpg' (StorageClass: STANDARD)
[2026-03-12 10:12:58] [INFO] Copying: s3://asoose-storage/migrated/items/1751291030576.jpg  -->  s3://asoose-storage-migration/migrated/items/1751291030576.jpg
[2026-03-12 10:13:05] [INFO]   OK 'migrated/items/1751291030576.jpg' (StorageClass: STANDARD)
[2026-03-12 10:13:05] [INFO] Copying: s3://asoose-storage/migrated/items/1751291194482.jpg  -->  s3://asoose-storage-migration/migrated/items/1751291194482.jpg
[2026-03-12 10:13:13] [INFO]   OK 'migrated/items/1751291194482.jpg' (StorageClass: STANDARD)
[2026-03-12 10:13:13] [INFO] Copying: s3://asoose-storage/migrated/items/1751291329152.jpg  -->  s3://asoose-storage-migration/migrated/items/1751291329152.jpg
[2026-03-12 10:13:20] [INFO]   OK 'migrated/items/1751291329152.jpg' (StorageClass: STANDARD)
[2026-03-12 10:13:20] [INFO] Copying: s3://asoose-storage/migrated/items/1751291527240.jpg  -->  s3://asoose-storage-migration/migrated/items/1751291527240.jpg
[2026-03-12 10:13:26] [INFO]   OK 'migrated/items/1751291527240.jpg' (StorageClass: STANDARD)
[2026-03-12 10:13:26] [INFO] Copying: s3://asoose-storage/migrated/items/1751291641111.jpg  -->  s3://asoose-storage-migration/migrated/items/1751291641111.jpg
[2026-03-12 10:13:33] [INFO]   OK 'migrated/items/1751291641111.jpg' (StorageClass: STANDARD)
[2026-03-12 10:13:33] [INFO] Copying: s3://asoose-storage/migrated/items/1751291738592.jpg  -->  s3://asoose-storage-migration/migrated/items/1751291738592.jpg
[2026-03-12 10:13:40] [INFO]   OK 'migrated/items/1751291738592.jpg' (StorageClass: STANDARD)
[2026-03-12 10:13:40] [INFO] Copying: s3://asoose-storage/migrated/items/1751291895341.jpg  -->  s3://asoose-storage-migration/migrated/items/1751291895341.jpg
[2026-03-12 10:13:47] [INFO]   OK 'migrated/items/1751291895341.jpg' (StorageClass: STANDARD)
[2026-03-12 10:13:47] [INFO] Copying: s3://asoose-storage/migrated/items/1751292103864.jpg  -->  s3://asoose-storage-migration/migrated/items/1751292103864.jpg
