[2026-03-12 10:15:39] [INFO] === S3 Migration Started ===
[2026-03-12 10:15:39] [INFO] Source      : s3://asoose-storage  (profile: old-account)
[2026-03-12 10:15:39] [INFO] Destination : s3://asoose-storage-migration  (profile: new-account)
[2026-03-12 10:15:39] [INFO] Log file    : S3Migration_20260312_101539.log
[2026-03-12 10:15:39] [INFO] Key prefix  : uploads/
[2026-03-12 10:15:39] [INFO] Listing objects in source bucket...
[2026-03-12 10:15:43] [INFO] Found 237 object(s) to migrate.
[2026-03-12 10:15:43] [INFO] Copying: s3://asoose-storage/uploads/1769689793462-z166nzp9emc.png  -->  s3://asoose-storage-migration/uploads/1769689793462-z166nzp9emc.png
[2026-03-12 10:15:49] [INFO]   OK 'uploads/1769689793462-z166nzp9emc.png' (StorageClass: STANDARD)
[2026-03-12 10:15:49] [INFO] Copying: s3://asoose-storage/uploads/1769690281382-9f0ycbtiqom.jpg  -->  s3://asoose-storage-migration/uploads/1769690281382-9f0ycbtiqom.jpg
[2026-03-12 10:16:19] [INFO]   OK 'uploads/1769690281382-9f0ycbtiqom.jpg' (StorageClass: STANDARD)
[2026-03-12 10:16:19] [INFO] Copying: s3://asoose-storage/uploads/1769690281383-3y6254y8uzw.jpg  -->  s3://asoose-storage-migration/uploads/1769690281383-3y6254y8uzw.jpg
[2026-03-12 10:16:27] [INFO]   OK 'uploads/1769690281383-3y6254y8uzw.jpg' (StorageClass: STANDARD)
[2026-03-12 10:16:27] [INFO] Copying: s3://asoose-storage/uploads/1769690281384-slloprrrmy8.jpg  -->  s3://asoose-storage-migration/uploads/1769690281384-slloprrrmy8.jpg
[2026-03-12 10:16:35] [INFO]   OK 'uploads/1769690281384-slloprrrmy8.jpg' (StorageClass: STANDARD)
[2026-03-12 10:16:35] [INFO] Copying: s3://asoose-storage/uploads/1769695961250-dvehoq3lnyr.jpg  -->  s3://asoose-storage-migration/uploads/1769695961250-dvehoq3lnyr.jpg
[2026-03-12 10:16:42] [INFO]   OK 'uploads/1769695961250-dvehoq3lnyr.jpg' (StorageClass: STANDARD)
[2026-03-12 10:16:42] [INFO] Copying: s3://asoose-storage/uploads/1769770407365-6uc25jg5fk8.jpg  -->  s3://asoose-storage-migration/uploads/1769770407365-6uc25jg5fk8.jpg
[2026-03-12 10:16:49] [INFO]   OK 'uploads/1769770407365-6uc25jg5fk8.jpg' (StorageClass: STANDARD)
[2026-03-12 10:16:49] [INFO] Copying: s3://asoose-storage/uploads/1769770416182-d24pde3g91u.jpg  -->  s3://asoose-storage-migration/uploads/1769770416182-d24pde3g91u.jpg
[2026-03-12 10:16:56] [INFO]   OK 'uploads/1769770416182-d24pde3g91u.jpg' (StorageClass: STANDARD)
[2026-03-12 10:16:56] [INFO] Copying: s3://asoose-storage/uploads/1769770418442-0d411waoulp.jpg  -->  s3://asoose-storage-migration/uploads/1769770418442-0d411waoulp.jpg
[2026-03-12 10:17:04] [INFO]   OK 'uploads/1769770418442-0d411waoulp.jpg' (StorageClass: STANDARD)
[2026-03-12 10:17:04] [INFO] Copying: s3://asoose-storage/uploads/1769770424709-eng588oaad9.jpg  -->  s3://asoose-storage-migration/uploads/1769770424709-eng588oaad9.jpg
[2026-03-12 10:17:13] [INFO]   OK 'uploads/1769770424709-eng588oaad9.jpg' (StorageClass: STANDARD)
[2026-03-12 10:17:13] [INFO] Copying: s3://asoose-storage/uploads/1769770451615-sru28m5rx1.jpg  -->  s3://asoose-storage-migration/uploads/1769770451615-sru28m5rx1.jpg
[2026-03-12 10:17:20] [INFO]   OK 'uploads/1769770451615-sru28m5rx1.jpg' (StorageClass: STANDARD)
[2026-03-12 10:17:20] [INFO] Copying: s3://asoose-storage/uploads/1769770452433-3vxz3xby4j3.jpg  -->  s3://asoose-storage-migration/uploads/1769770452433-3vxz3xby4j3.jpg
[2026-03-12 10:17:26] [INFO]   OK 'uploads/1769770452433-3vxz3xby4j3.jpg' (StorageClass: STANDARD)
[2026-03-12 10:17:26] [INFO] Copying: s3://asoose-storage/uploads/1769770474712-t3uchclkyk.jpeg  -->  s3://asoose-storage-migration/uploads/1769770474712-t3uchclkyk.jpeg
[2026-03-12 10:17:34] [INFO]   OK 'uploads/1769770474712-t3uchclkyk.jpeg' (StorageClass: STANDARD)
[2026-03-12 10:17:34] [INFO] Copying: s3://asoose-storage/uploads/1769770597023-buwpiwokmaw.jpeg  -->  s3://asoose-storage-migration/uploads/1769770597023-buwpiwokmaw.jpeg
[2026-03-12 10:17:41] [INFO]   OK 'uploads/1769770597023-buwpiwokmaw.jpeg' (StorageClass: STANDARD)
[2026-03-12 10:17:41] [INFO] Copying: s3://asoose-storage/uploads/1769770610843-xdt7ey6nczn.jpeg  -->  s3://asoose-storage-migration/uploads/1769770610843-xdt7ey6nczn.jpeg
[2026-03-12 10:17:48] [INFO]   OK 'uploads/1769770610843-xdt7ey6nczn.jpeg' (StorageClass: STANDARD)
[2026-03-12 10:17:48] [INFO] Copying: s3://asoose-storage/uploads/1769770634499-n7g80v0xkw.jpeg  -->  s3://asoose-storage-migration/uploads/1769770634499-n7g80v0xkw.jpeg
[2026-03-12 10:17:54] [INFO]   OK 'uploads/1769770634499-n7g80v0xkw.jpeg' (StorageClass: STANDARD)
[2026-03-12 10:17:54] [INFO] Copying: s3://asoose-storage/uploads/1769771729604-mbb1pzt594i.jpg  -->  s3://asoose-storage-migration/uploads/1769771729604-mbb1pzt594i.jpg
[2026-03-12 10:18:01] [INFO]   OK 'uploads/1769771729604-mbb1pzt594i.jpg' (StorageClass: STANDARD)
[2026-03-12 10:18:01] [INFO] Copying: s3://asoose-storage/uploads/1769771729609-xxlocqxer9.jpg  -->  s3://asoose-storage-migration/uploads/1769771729609-xxlocqxer9.jpg
[2026-03-12 10:18:07] [INFO]   OK 'uploads/1769771729609-xxlocqxer9.jpg' (StorageClass: STANDARD)
[2026-03-12 10:18:07] [INFO] Copying: s3://asoose-storage/uploads/1769848249875-obtun5ii6go.jpg  -->  s3://asoose-storage-migration/uploads/1769848249875-obtun5ii6go.jpg
[2026-03-12 10:18:14] [INFO]   OK 'uploads/1769848249875-obtun5ii6go.jpg' (StorageClass: STANDARD)
[2026-03-12 10:18:14] [INFO] Copying: s3://asoose-storage/uploads/1769848254721-6u3jyntia1n.jpg  -->  s3://asoose-storage-migration/uploads/1769848254721-6u3jyntia1n.jpg
[2026-03-12 10:18:20] [INFO]   OK 'uploads/1769848254721-6u3jyntia1n.jpg' (StorageClass: STANDARD)
[2026-03-12 10:18:20] [INFO] Copying: s3://asoose-storage/uploads/1769848255537-148ebwortdhb.jpg  -->  s3://asoose-storage-migration/uploads/1769848255537-148ebwortdhb.jpg
[2026-03-12 10:18:27] [INFO]   OK 'uploads/1769848255537-148ebwortdhb.jpg' (StorageClass: STANDARD)
[2026-03-12 10:18:27] [INFO] Copying: s3://asoose-storage/uploads/1769848283533-qnwm8aot8ko.jpeg  -->  s3://asoose-storage-migration/uploads/1769848283533-qnwm8aot8ko.jpeg
[2026-03-12 10:18:34] [INFO]   OK 'uploads/1769848283533-qnwm8aot8ko.jpeg' (StorageClass: STANDARD)
[2026-03-12 10:18:34] [INFO] Copying: s3://asoose-storage/uploads/1769848295469-t9l857yc5uo.jpeg  -->  s3://asoose-storage-migration/uploads/1769848295469-t9l857yc5uo.jpeg
[2026-03-12 10:18:41] [INFO]   OK 'uploads/1769848295469-t9l857yc5uo.jpeg' (StorageClass: STANDARD)
[2026-03-12 10:18:41] [INFO] Copying: s3://asoose-storage/uploads/1769855646344-ent357c3x07.jpg  -->  s3://asoose-storage-migration/uploads/1769855646344-ent357c3x07.jpg
[2026-03-12 10:18:48] [INFO]   OK 'uploads/1769855646344-ent357c3x07.jpg' (StorageClass: STANDARD)
[2026-03-12 10:18:48] [INFO] Copying: s3://asoose-storage/uploads/1770037865985-7sjsmcnm1li.jpeg  -->  s3://asoose-storage-migration/uploads/1770037865985-7sjsmcnm1li.jpeg
[2026-03-12 10:18:55] [INFO]   OK 'uploads/1770037865985-7sjsmcnm1li.jpeg' (StorageClass: STANDARD)
[2026-03-12 10:18:55] [INFO] Copying: s3://asoose-storage/uploads/1770042898452-k56qnmxmkz.jpg  -->  s3://asoose-storage-migration/uploads/1770042898452-k56qnmxmkz.jpg
[2026-03-12 10:19:04] [INFO]   OK 'uploads/1770042898452-k56qnmxmkz.jpg' (StorageClass: STANDARD)
[2026-03-12 10:19:04] [INFO] Copying: s3://asoose-storage/uploads/1770043313822-p3yo1z0jszm.jpg  -->  s3://asoose-storage-migration/uploads/1770043313822-p3yo1z0jszm.jpg
[2026-03-12 10:19:11] [INFO]   OK 'uploads/1770043313822-p3yo1z0jszm.jpg' (StorageClass: STANDARD)
[2026-03-12 10:19:11] [INFO] Copying: s3://asoose-storage/uploads/1770378684806-o9kue5idyvd.jpg  -->  s3://asoose-storage-migration/uploads/1770378684806-o9kue5idyvd.jpg
[2026-03-12 10:19:19] [INFO]   OK 'uploads/1770378684806-o9kue5idyvd.jpg' (StorageClass: STANDARD)
[2026-03-12 10:19:19] [INFO] Copying: s3://asoose-storage/uploads/1770378690416-hbx8riek77.jpg  -->  s3://asoose-storage-migration/uploads/1770378690416-hbx8riek77.jpg
[2026-03-12 10:19:27] [INFO]   OK 'uploads/1770378690416-hbx8riek77.jpg' (StorageClass: STANDARD)
[2026-03-12 10:19:27] [INFO] Copying: s3://asoose-storage/uploads/1770378705371-ofw1nmcydh.jpg  -->  s3://asoose-storage-migration/uploads/1770378705371-ofw1nmcydh.jpg
[2026-03-12 10:19:35] [INFO]   OK 'uploads/1770378705371-ofw1nmcydh.jpg' (StorageClass: STANDARD)
[2026-03-12 10:19:35] [INFO] Copying: s3://asoose-storage/uploads/1770378721270-h1wd39qt0mt.jpeg  -->  s3://asoose-storage-migration/uploads/1770378721270-h1wd39qt0mt.jpeg
[2026-03-12 10:19:42] [INFO]   OK 'uploads/1770378721270-h1wd39qt0mt.jpeg' (StorageClass: STANDARD)
[2026-03-12 10:19:42] [INFO] Copying: s3://asoose-storage/uploads/1770378728939-p27jnypseib.jpeg  -->  s3://asoose-storage-migration/uploads/1770378728939-p27jnypseib.jpeg
[2026-03-12 10:19:49] [INFO]   OK 'uploads/1770378728939-p27jnypseib.jpeg' (StorageClass: STANDARD)
[2026-03-12 10:19:49] [INFO] Copying: s3://asoose-storage/uploads/1770596656595-s44b1uazee.jpeg  -->  s3://asoose-storage-migration/uploads/1770596656595-s44b1uazee.jpeg
[2026-03-12 10:19:56] [INFO]   OK 'uploads/1770596656595-s44b1uazee.jpeg' (StorageClass: STANDARD)
[2026-03-12 10:19:56] [INFO] Copying: s3://asoose-storage/uploads/1770596861625-iynq9fhuz1.jpeg  -->  s3://asoose-storage-migration/uploads/1770596861625-iynq9fhuz1.jpeg
[2026-03-12 10:20:03] [INFO]   OK 'uploads/1770596861625-iynq9fhuz1.jpeg' (StorageClass: STANDARD)
[2026-03-12 10:20:03] [INFO] Copying: s3://asoose-storage/uploads/1770615539138-0oroge2s5oc.jpeg  -->  s3://asoose-storage-migration/uploads/1770615539138-0oroge2s5oc.jpeg
[2026-03-12 10:20:17] [INFO]   OK 'uploads/1770615539138-0oroge2s5oc.jpeg' (StorageClass: STANDARD)
[2026-03-12 10:20:17] [INFO] Copying: s3://asoose-storage/uploads/1770615548048-xw56q79gna.jpeg  -->  s3://asoose-storage-migration/uploads/1770615548048-xw56q79gna.jpeg
[2026-03-12 10:20:24] [INFO]   OK 'uploads/1770615548048-xw56q79gna.jpeg' (StorageClass: STANDARD)
[2026-03-12 10:20:24] [INFO] Copying: s3://asoose-storage/uploads/1770817119146-tf1xb67q9y.jpg  -->  s3://asoose-storage-migration/uploads/1770817119146-tf1xb67q9y.jpg
[2026-03-12 10:20:32] [INFO]   OK 'uploads/1770817119146-tf1xb67q9y.jpg' (StorageClass: STANDARD)
[2026-03-12 10:20:32] [INFO] Copying: s3://asoose-storage/uploads/1770817422626-gfdc42hfwr.jpg  -->  s3://asoose-storage-migration/uploads/1770817422626-gfdc42hfwr.jpg
[2026-03-12 10:20:39] [INFO]   OK 'uploads/1770817422626-gfdc42hfwr.jpg' (StorageClass: STANDARD)
[2026-03-12 10:20:39] [INFO] Copying: s3://asoose-storage/uploads/1770817586764-psxihyycdkr.jpg  -->  s3://asoose-storage-migration/uploads/1770817586764-psxihyycdkr.jpg
[2026-03-12 10:20:47] [INFO]   OK 'uploads/1770817586764-psxihyycdkr.jpg' (StorageClass: STANDARD)
[2026-03-12 10:20:47] [INFO] Copying: s3://asoose-storage/uploads/1770817913033-lr85h9z64wg.jpg  -->  s3://asoose-storage-migration/uploads/1770817913033-lr85h9z64wg.jpg
[2026-03-12 10:20:54] [INFO]   OK 'uploads/1770817913033-lr85h9z64wg.jpg' (StorageClass: STANDARD)
[2026-03-12 10:20:54] [INFO] Copying: s3://asoose-storage/uploads/1770817961849-fnkd5c018wo.jpg  -->  s3://asoose-storage-migration/uploads/1770817961849-fnkd5c018wo.jpg
[2026-03-12 10:21:02] [INFO]   OK 'uploads/1770817961849-fnkd5c018wo.jpg' (StorageClass: STANDARD)
[2026-03-12 10:21:02] [INFO] Copying: s3://asoose-storage/uploads/1770866751115-hsu4elg7eha.jpg  -->  s3://asoose-storage-migration/uploads/1770866751115-hsu4elg7eha.jpg
[2026-03-12 10:21:30] [INFO]   OK 'uploads/1770866751115-hsu4elg7eha.jpg' (StorageClass: STANDARD)
[2026-03-12 10:21:30] [INFO] Copying: s3://asoose-storage/uploads/1770866755478-9qylu6ec4sg.jpg  -->  s3://asoose-storage-migration/uploads/1770866755478-9qylu6ec4sg.jpg
[2026-03-12 10:21:38] [INFO]   OK 'uploads/1770866755478-9qylu6ec4sg.jpg' (StorageClass: STANDARD)
[2026-03-12 10:21:38] [INFO] Copying: s3://asoose-storage/uploads/1770866760602-wfu189fsybd.jpg  -->  s3://asoose-storage-migration/uploads/1770866760602-wfu189fsybd.jpg
[2026-03-12 10:21:44] [INFO]   OK 'uploads/1770866760602-wfu189fsybd.jpg' (StorageClass: STANDARD)
[2026-03-12 10:21:44] [INFO] Copying: s3://asoose-storage/uploads/1770866788490-yg2z4r4gn7j.jpeg  -->  s3://asoose-storage-migration/uploads/1770866788490-yg2z4r4gn7j.jpeg
[2026-03-12 10:21:51] [INFO]   OK 'uploads/1770866788490-yg2z4r4gn7j.jpeg' (StorageClass: STANDARD)
[2026-03-12 10:21:51] [INFO] Copying: s3://asoose-storage/uploads/1770866801039-mor7m588d7g.jpeg  -->  s3://asoose-storage-migration/uploads/1770866801039-mor7m588d7g.jpeg
[2026-03-12 10:21:58] [INFO]   OK 'uploads/1770866801039-mor7m588d7g.jpeg' (StorageClass: STANDARD)
[2026-03-12 10:21:58] [INFO] Copying: s3://asoose-storage/uploads/1770879670706-9y68io2mikv.jpg  -->  s3://asoose-storage-migration/uploads/1770879670706-9y68io2mikv.jpg
[2026-03-12 10:22:05] [INFO]   OK 'uploads/1770879670706-9y68io2mikv.jpg' (StorageClass: STANDARD)
[2026-03-12 10:22:05] [INFO] Copying: s3://asoose-storage/uploads/1770879672922-mk9fgzsf9oi.jpg  -->  s3://asoose-storage-migration/uploads/1770879672922-mk9fgzsf9oi.jpg
[2026-03-12 10:22:12] [INFO]   OK 'uploads/1770879672922-mk9fgzsf9oi.jpg' (StorageClass: STANDARD)
[2026-03-12 10:22:12] [INFO] Copying: s3://asoose-storage/uploads/1770879675920-mye9md7bp1p.jpg  -->  s3://asoose-storage-migration/uploads/1770879675920-mye9md7bp1p.jpg
[2026-03-12 10:22:19] [INFO]   OK 'uploads/1770879675920-mye9md7bp1p.jpg' (StorageClass: STANDARD)
[2026-03-12 10:22:19] [INFO] Copying: s3://asoose-storage/uploads/1770879702705-d6lj09rwyik.jpeg  -->  s3://asoose-storage-migration/uploads/1770879702705-d6lj09rwyik.jpeg
[2026-03-12 10:22:27] [INFO]   OK 'uploads/1770879702705-d6lj09rwyik.jpeg' (StorageClass: STANDARD)
[2026-03-12 10:22:27] [INFO] Copying: s3://asoose-storage/uploads/1770879736877-dmknlxqbq57.jpeg  -->  s3://asoose-storage-migration/uploads/1770879736877-dmknlxqbq57.jpeg
[2026-03-12 10:22:34] [INFO]   OK 'uploads/1770879736877-dmknlxqbq57.jpeg' (StorageClass: STANDARD)
[2026-03-12 10:22:34] [INFO] Copying: s3://asoose-storage/uploads/1770902074316-zxfwamiv5b.jpg  -->  s3://asoose-storage-migration/uploads/1770902074316-zxfwamiv5b.jpg
[2026-03-12 10:22:40] [INFO]   OK 'uploads/1770902074316-zxfwamiv5b.jpg' (StorageClass: STANDARD)
[2026-03-12 10:22:40] [INFO] Copying: s3://asoose-storage/uploads/1770902081383-2sm0jho7z66.jpg  -->  s3://asoose-storage-migration/uploads/1770902081383-2sm0jho7z66.jpg
[2026-03-12 10:22:47] [INFO]   OK 'uploads/1770902081383-2sm0jho7z66.jpg' (StorageClass: STANDARD)
[2026-03-12 10:22:47] [INFO] Copying: s3://asoose-storage/uploads/1770902089180-po7ieuks17h.jpg  -->  s3://asoose-storage-migration/uploads/1770902089180-po7ieuks17h.jpg
[2026-03-12 10:22:54] [INFO]   OK 'uploads/1770902089180-po7ieuks17h.jpg' (StorageClass: STANDARD)
[2026-03-12 10:22:54] [INFO] Copying: s3://asoose-storage/uploads/1770902130099-exkgxw3jj1.jpeg  -->  s3://asoose-storage-migration/uploads/1770902130099-exkgxw3jj1.jpeg
[2026-03-12 10:23:00] [INFO]   OK 'uploads/1770902130099-exkgxw3jj1.jpeg' (StorageClass: STANDARD)
[2026-03-12 10:23:00] [INFO] Copying: s3://asoose-storage/uploads/1770902154009-klmrxdkckf.jpeg  -->  s3://asoose-storage-migration/uploads/1770902154009-klmrxdkckf.jpeg
[2026-03-12 10:23:07] [INFO]   OK 'uploads/1770902154009-klmrxdkckf.jpeg' (StorageClass: STANDARD)
[2026-03-12 10:23:07] [INFO] Copying: s3://asoose-storage/uploads/1770903503774-eosrjrbq8n.jpg  -->  s3://asoose-storage-migration/uploads/1770903503774-eosrjrbq8n.jpg
[2026-03-12 10:23:13] [INFO]   OK 'uploads/1770903503774-eosrjrbq8n.jpg' (StorageClass: STANDARD)
[2026-03-12 10:23:13] [INFO] Copying: s3://asoose-storage/uploads/1770903505240-oif2ezu6j1b.jpg  -->  s3://asoose-storage-migration/uploads/1770903505240-oif2ezu6j1b.jpg
[2026-03-12 10:23:20] [INFO]   OK 'uploads/1770903505240-oif2ezu6j1b.jpg' (StorageClass: STANDARD)
[2026-03-12 10:23:20] [INFO] Copying: s3://asoose-storage/uploads/1770903510069-eu1lrjia39j.jpg  -->  s3://asoose-storage-migration/uploads/1770903510069-eu1lrjia39j.jpg
[2026-03-12 10:23:27] [INFO]   OK 'uploads/1770903510069-eu1lrjia39j.jpg' (StorageClass: STANDARD)
[2026-03-12 10:23:27] [INFO] Copying: s3://asoose-storage/uploads/1770903914808-o94g5iql1v.png  -->  s3://asoose-storage-migration/uploads/1770903914808-o94g5iql1v.png
[2026-03-12 10:23:34] [INFO]   OK 'uploads/1770903914808-o94g5iql1v.png' (StorageClass: STANDARD)
[2026-03-12 10:23:34] [INFO] Copying: s3://asoose-storage/uploads/1770903939102-rz2igre5ue.jpeg  -->  s3://asoose-storage-migration/uploads/1770903939102-rz2igre5ue.jpeg
[2026-03-12 10:23:41] [INFO]   OK 'uploads/1770903939102-rz2igre5ue.jpeg' (StorageClass: STANDARD)
[2026-03-12 10:23:41] [INFO] Copying: s3://asoose-storage/uploads/1770904066721-3bl6lsdthyk.jpg  -->  s3://asoose-storage-migration/uploads/1770904066721-3bl6lsdthyk.jpg
[2026-03-12 10:23:47] [INFO]   OK 'uploads/1770904066721-3bl6lsdthyk.jpg' (StorageClass: STANDARD)
[2026-03-12 10:23:47] [INFO] Copying: s3://asoose-storage/uploads/1770904125738-ff3io1gkunm.jpg  -->  s3://asoose-storage-migration/uploads/1770904125738-ff3io1gkunm.jpg
[2026-03-12 10:23:54] [INFO]   OK 'uploads/1770904125738-ff3io1gkunm.jpg' (StorageClass: STANDARD)
[2026-03-12 10:23:54] [INFO] Copying: s3://asoose-storage/uploads/1770904154488-hvvwe26qt1a.jpg  -->  s3://asoose-storage-migration/uploads/1770904154488-hvvwe26qt1a.jpg
[2026-03-12 10:24:02] [INFO]   OK 'uploads/1770904154488-hvvwe26qt1a.jpg' (StorageClass: STANDARD)
[2026-03-12 10:24:02] [INFO] Copying: s3://asoose-storage/uploads/1770904252172-wdspvcpc0eb.jpeg  -->  s3://asoose-storage-migration/uploads/1770904252172-wdspvcpc0eb.jpeg
[2026-03-12 10:24:09] [INFO]   OK 'uploads/1770904252172-wdspvcpc0eb.jpeg' (StorageClass: STANDARD)
[2026-03-12 10:24:09] [INFO] Copying: s3://asoose-storage/uploads/1770904299939-tzm6yrdvsal.jpeg  -->  s3://asoose-storage-migration/uploads/1770904299939-tzm6yrdvsal.jpeg
[2026-03-12 10:24:17] [INFO]   OK 'uploads/1770904299939-tzm6yrdvsal.jpeg' (StorageClass: STANDARD)
[2026-03-12 10:24:17] [INFO] Copying: s3://asoose-storage/uploads/1770907151119-07kwe219vumd.jpg  -->  s3://asoose-storage-migration/uploads/1770907151119-07kwe219vumd.jpg
[2026-03-12 10:24:24] [INFO]   OK 'uploads/1770907151119-07kwe219vumd.jpg' (StorageClass: STANDARD)
[2026-03-12 10:24:24] [INFO] Copying: s3://asoose-storage/uploads/1770907161247-9z77a0019.jpg  -->  s3://asoose-storage-migration/uploads/1770907161247-9z77a0019.jpg
[2026-03-12 10:24:31] [INFO]   OK 'uploads/1770907161247-9z77a0019.jpg' (StorageClass: STANDARD)
[2026-03-12 10:24:31] [INFO] Copying: s3://asoose-storage/uploads/1770907257720-lhatj2oe1m.jpg  -->  s3://asoose-storage-migration/uploads/1770907257720-lhatj2oe1m.jpg
[2026-03-12 10:24:38] [INFO]   OK 'uploads/1770907257720-lhatj2oe1m.jpg' (StorageClass: STANDARD)
[2026-03-12 10:24:38] [INFO] Copying: s3://asoose-storage/uploads/1770907309332-prvc6dhnqij.jpeg  -->  s3://asoose-storage-migration/uploads/1770907309332-prvc6dhnqij.jpeg
[2026-03-12 10:24:44] [INFO]   OK 'uploads/1770907309332-prvc6dhnqij.jpeg' (StorageClass: STANDARD)
[2026-03-12 10:24:44] [INFO] Copying: s3://asoose-storage/uploads/1770907356811-4slg3jzpnw.jpeg  -->  s3://asoose-storage-migration/uploads/1770907356811-4slg3jzpnw.jpeg
[2026-03-12 10:24:51] [INFO]   OK 'uploads/1770907356811-4slg3jzpnw.jpeg' (StorageClass: STANDARD)
[2026-03-12 10:24:51] [INFO] Copying: s3://asoose-storage/uploads/1771011765880-1zrsfhf7nke.jpg  -->  s3://asoose-storage-migration/uploads/1771011765880-1zrsfhf7nke.jpg
[2026-03-12 10:24:58] [INFO]   OK 'uploads/1771011765880-1zrsfhf7nke.jpg' (StorageClass: STANDARD)
[2026-03-12 10:24:58] [INFO] Copying: s3://asoose-storage/uploads/1771011766271-z86rie36x4g.jpg  -->  s3://asoose-storage-migration/uploads/1771011766271-z86rie36x4g.jpg
[2026-03-12 10:25:04] [INFO]   OK 'uploads/1771011766271-z86rie36x4g.jpg' (StorageClass: STANDARD)
[2026-03-12 10:25:04] [INFO] Copying: s3://asoose-storage/uploads/1771011767292-94cvwst3y1a.jpg  -->  s3://asoose-storage-migration/uploads/1771011767292-94cvwst3y1a.jpg
[2026-03-12 10:25:11] [INFO]   OK 'uploads/1771011767292-94cvwst3y1a.jpg' (StorageClass: STANDARD)
[2026-03-12 10:25:11] [INFO] Copying: s3://asoose-storage/uploads/1771115484306-cwr840h5ovn.jpg  -->  s3://asoose-storage-migration/uploads/1771115484306-cwr840h5ovn.jpg
[2026-03-12 10:25:18] [INFO]   OK 'uploads/1771115484306-cwr840h5ovn.jpg' (StorageClass: STANDARD)
[2026-03-12 10:25:18] [INFO] Copying: s3://asoose-storage/uploads/1771115504804-ly2ktwgl5b.jpg  -->  s3://asoose-storage-migration/uploads/1771115504804-ly2ktwgl5b.jpg
[2026-03-12 10:25:25] [INFO]   OK 'uploads/1771115504804-ly2ktwgl5b.jpg' (StorageClass: STANDARD)
[2026-03-12 10:25:25] [INFO] Copying: s3://asoose-storage/uploads/1771115523515-9hezk7tsb1a.jpg  -->  s3://asoose-storage-migration/uploads/1771115523515-9hezk7tsb1a.jpg
[2026-03-12 10:25:33] [INFO]   OK 'uploads/1771115523515-9hezk7tsb1a.jpg' (StorageClass: STANDARD)
[2026-03-12 10:25:33] [INFO] Copying: s3://asoose-storage/uploads/1771118012284-wp18gm7z2rm.jpeg  -->  s3://asoose-storage-migration/uploads/1771118012284-wp18gm7z2rm.jpeg
[2026-03-12 10:25:41] [INFO]   OK 'uploads/1771118012284-wp18gm7z2rm.jpeg' (StorageClass: STANDARD)
[2026-03-12 10:25:41] [INFO] Copying: s3://asoose-storage/uploads/1771246036503-j32kzc9kgn.jpg  -->  s3://asoose-storage-migration/uploads/1771246036503-j32kzc9kgn.jpg
[2026-03-12 10:25:48] [INFO]   OK 'uploads/1771246036503-j32kzc9kgn.jpg' (StorageClass: STANDARD)
[2026-03-12 10:25:48] [INFO] Copying: s3://asoose-storage/uploads/1771246037980-qlpqm4arzo.jpg  -->  s3://asoose-storage-migration/uploads/1771246037980-qlpqm4arzo.jpg
[2026-03-12 10:25:54] [INFO]   OK 'uploads/1771246037980-qlpqm4arzo.jpg' (StorageClass: STANDARD)
[2026-03-12 10:25:54] [INFO] Copying: s3://asoose-storage/uploads/1771246042836-r98kwer7ha.jpg  -->  s3://asoose-storage-migration/uploads/1771246042836-r98kwer7ha.jpg
[2026-03-12 10:26:01] [INFO]   OK 'uploads/1771246042836-r98kwer7ha.jpg' (StorageClass: STANDARD)
[2026-03-12 10:26:01] [INFO] Copying: s3://asoose-storage/uploads/1771246063737-w4ou32xtqvs.jpeg  -->  s3://asoose-storage-migration/uploads/1771246063737-w4ou32xtqvs.jpeg
[2026-03-12 10:26:07] [INFO]   OK 'uploads/1771246063737-w4ou32xtqvs.jpeg' (StorageClass: STANDARD)
[2026-03-12 10:26:07] [INFO] Copying: s3://asoose-storage/uploads/1771246079028-4jhq6p7rfdt.jpeg  -->  s3://asoose-storage-migration/uploads/1771246079028-4jhq6p7rfdt.jpeg
[2026-03-12 10:26:14] [INFO]   OK 'uploads/1771246079028-4jhq6p7rfdt.jpeg' (StorageClass: STANDARD)
[2026-03-12 10:26:14] [INFO] Copying: s3://asoose-storage/uploads/1771319177839-dttolyv1ep5.jpg  -->  s3://asoose-storage-migration/uploads/1771319177839-dttolyv1ep5.jpg
[2026-03-12 10:26:22] [INFO]   OK 'uploads/1771319177839-dttolyv1ep5.jpg' (StorageClass: STANDARD)
[2026-03-12 10:26:22] [INFO] Copying: s3://asoose-storage/uploads/1771319196443-3au0pbk37xm.jpg  -->  s3://asoose-storage-migration/uploads/1771319196443-3au0pbk37xm.jpg
[2026-03-12 10:26:28] [INFO]   OK 'uploads/1771319196443-3au0pbk37xm.jpg' (StorageClass: STANDARD)
[2026-03-12 10:26:28] [INFO] Copying: s3://asoose-storage/uploads/1771326689374-g35dd4fglc.jpg  -->  s3://asoose-storage-migration/uploads/1771326689374-g35dd4fglc.jpg
[2026-03-12 10:26:35] [INFO]   OK 'uploads/1771326689374-g35dd4fglc.jpg' (StorageClass: STANDARD)
[2026-03-12 10:26:35] [INFO] Copying: s3://asoose-storage/uploads/1771409524962-ueodj9tdan.jpeg  -->  s3://asoose-storage-migration/uploads/1771409524962-ueodj9tdan.jpeg
[2026-03-12 10:26:41] [INFO]   OK 'uploads/1771409524962-ueodj9tdan.jpeg' (StorageClass: STANDARD)
[2026-03-12 10:26:41] [INFO] Copying: s3://asoose-storage/uploads/1771493324220-z84wo4jken.jpeg  -->  s3://asoose-storage-migration/uploads/1771493324220-z84wo4jken.jpeg
[2026-03-12 10:26:49] [INFO]   OK 'uploads/1771493324220-z84wo4jken.jpeg' (StorageClass: STANDARD)
[2026-03-12 10:26:49] [INFO] Copying: s3://asoose-storage/uploads/1771495899034-sbtou16ple.jpeg  -->  s3://asoose-storage-migration/uploads/1771495899034-sbtou16ple.jpeg
[2026-03-12 10:26:55] [INFO]   OK 'uploads/1771495899034-sbtou16ple.jpeg' (StorageClass: STANDARD)
[2026-03-12 10:26:55] [INFO] Copying: s3://asoose-storage/uploads/1771495900434-r9305q51uba.jpeg  -->  s3://asoose-storage-migration/uploads/1771495900434-r9305q51uba.jpeg
[2026-03-12 10:27:02] [INFO]   OK 'uploads/1771495900434-r9305q51uba.jpeg' (StorageClass: STANDARD)
[2026-03-12 10:27:02] [INFO] Copying: s3://asoose-storage/uploads/1771495900770-33941lxj38s.jpeg  -->  s3://asoose-storage-migration/uploads/1771495900770-33941lxj38s.jpeg
[2026-03-12 10:27:09] [INFO]   OK 'uploads/1771495900770-33941lxj38s.jpeg' (StorageClass: STANDARD)
[2026-03-12 10:27:09] [INFO] Copying: s3://asoose-storage/uploads/1771495901097-efk5lf16bra.jpeg  -->  s3://asoose-storage-migration/uploads/1771495901097-efk5lf16bra.jpeg
[2026-03-12 10:27:15] [INFO]   OK 'uploads/1771495901097-efk5lf16bra.jpeg' (StorageClass: STANDARD)
[2026-03-12 10:27:15] [INFO] Copying: s3://asoose-storage/uploads/1771495901454-plgcgwt0cck.jpeg  -->  s3://asoose-storage-migration/uploads/1771495901454-plgcgwt0cck.jpeg
[2026-03-12 10:27:22] [INFO]   OK 'uploads/1771495901454-plgcgwt0cck.jpeg' (StorageClass: STANDARD)
[2026-03-12 10:27:23] [INFO] Copying: s3://asoose-storage/uploads/1771524932573-l48x0fqk9c9.png  -->  s3://asoose-storage-migration/uploads/1771524932573-l48x0fqk9c9.png
[2026-03-12 10:27:29] [INFO]   OK 'uploads/1771524932573-l48x0fqk9c9.png' (StorageClass: STANDARD)
[2026-03-12 10:27:29] [INFO] Copying: s3://asoose-storage/uploads/1771525206562-rqxtnh3w6ri.png  -->  s3://asoose-storage-migration/uploads/1771525206562-rqxtnh3w6ri.png
[2026-03-12 10:27:36] [INFO]   OK 'uploads/1771525206562-rqxtnh3w6ri.png' (StorageClass: STANDARD)
[2026-03-12 10:27:36] [INFO] Copying: s3://asoose-storage/uploads/1771545677198-yki7zqby3oe.jpeg  -->  s3://asoose-storage-migration/uploads/1771545677198-yki7zqby3oe.jpeg
[2026-03-12 10:27:43] [INFO]   OK 'uploads/1771545677198-yki7zqby3oe.jpeg' (StorageClass: STANDARD)
[2026-03-12 10:27:43] [INFO] Copying: s3://asoose-storage/uploads/1771705895630-zg6gi792f1.png  -->  s3://asoose-storage-migration/uploads/1771705895630-zg6gi792f1.png
[2026-03-12 10:27:50] [INFO]   OK 'uploads/1771705895630-zg6gi792f1.png' (StorageClass: STANDARD)
[2026-03-12 10:27:50] [INFO] Copying: s3://asoose-storage/uploads/1771751490422-dwfjb6qhnc.png  -->  s3://asoose-storage-migration/uploads/1771751490422-dwfjb6qhnc.png
[2026-03-12 10:27:57] [INFO]   OK 'uploads/1771751490422-dwfjb6qhnc.png' (StorageClass: STANDARD)
[2026-03-12 10:27:57] [INFO] Copying: s3://asoose-storage/uploads/1771754494287-nlviof68mae.jpg  -->  s3://asoose-storage-migration/uploads/1771754494287-nlviof68mae.jpg
[2026-03-12 10:28:05] [INFO]   OK 'uploads/1771754494287-nlviof68mae.jpg' (StorageClass: STANDARD)
[2026-03-12 10:28:05] [INFO] Copying: s3://asoose-storage/uploads/1771852911624-tps8ab1vg.jpeg  -->  s3://asoose-storage-migration/uploads/1771852911624-tps8ab1vg.jpeg
[2026-03-12 10:28:12] [INFO]   OK 'uploads/1771852911624-tps8ab1vg.jpeg' (StorageClass: STANDARD)
[2026-03-12 10:28:12] [INFO] Copying: s3://asoose-storage/uploads/1771853231087-oqchwczkct.jpg  -->  s3://asoose-storage-migration/uploads/1771853231087-oqchwczkct.jpg
[2026-03-12 10:28:18] [INFO]   OK 'uploads/1771853231087-oqchwczkct.jpg' (StorageClass: STANDARD)
[2026-03-12 10:28:18] [INFO] Copying: s3://asoose-storage/uploads/1771853233277-nj05d9o1gi.jpg  -->  s3://asoose-storage-migration/uploads/1771853233277-nj05d9o1gi.jpg
[2026-03-12 10:28:25] [INFO]   OK 'uploads/1771853233277-nj05d9o1gi.jpg' (StorageClass: STANDARD)
[2026-03-12 10:28:25] [INFO] Copying: s3://asoose-storage/uploads/1771853237124-0kav32skiydd.jpg  -->  s3://asoose-storage-migration/uploads/1771853237124-0kav32skiydd.jpg
[2026-03-12 10:28:32] [INFO]   OK 'uploads/1771853237124-0kav32skiydd.jpg' (StorageClass: STANDARD)
[2026-03-12 10:28:32] [INFO] Copying: s3://asoose-storage/uploads/1771853242425-0jpbxd9djh9.jpg  -->  s3://asoose-storage-migration/uploads/1771853242425-0jpbxd9djh9.jpg
[2026-03-12 10:28:39] [INFO]   OK 'uploads/1771853242425-0jpbxd9djh9.jpg' (StorageClass: STANDARD)
[2026-03-12 10:28:39] [INFO] Copying: s3://asoose-storage/uploads/1771853292502-uzruq9kbhf.png  -->  s3://asoose-storage-migration/uploads/1771853292502-uzruq9kbhf.png
[2026-03-12 10:28:47] [INFO]   OK 'uploads/1771853292502-uzruq9kbhf.png' (StorageClass: STANDARD)
[2026-03-12 10:28:47] [INFO] Copying: s3://asoose-storage/uploads/1771853317830-mbq0h3qp7nl.jpeg  -->  s3://asoose-storage-migration/uploads/1771853317830-mbq0h3qp7nl.jpeg
[2026-03-12 10:28:54] [INFO]   OK 'uploads/1771853317830-mbq0h3qp7nl.jpeg' (StorageClass: STANDARD)
[2026-03-12 10:28:54] [INFO] Copying: s3://asoose-storage/uploads/1771857704034-t43end8tb2.jpg  -->  s3://asoose-storage-migration/uploads/1771857704034-t43end8tb2.jpg
[2026-03-12 10:29:00] [INFO]   OK 'uploads/1771857704034-t43end8tb2.jpg' (StorageClass: STANDARD)
[2026-03-12 10:29:00] [INFO] Copying: s3://asoose-storage/uploads/1771869232377-kw4bmauz7kk.jpg  -->  s3://asoose-storage-migration/uploads/1771869232377-kw4bmauz7kk.jpg
[2026-03-12 10:29:07] [INFO]   OK 'uploads/1771869232377-kw4bmauz7kk.jpg' (StorageClass: STANDARD)
[2026-03-12 10:29:07] [INFO] Copying: s3://asoose-storage/uploads/1771891825452-fkznjgjf0d7.jpg  -->  s3://asoose-storage-migration/uploads/1771891825452-fkznjgjf0d7.jpg
[2026-03-12 10:29:14] [INFO]   OK 'uploads/1771891825452-fkznjgjf0d7.jpg' (StorageClass: STANDARD)
[2026-03-12 10:29:14] [INFO] Copying: s3://asoose-storage/uploads/1771891828360-an6c1dhuyyb.jpg  -->  s3://asoose-storage-migration/uploads/1771891828360-an6c1dhuyyb.jpg
[2026-03-12 10:29:21] [INFO]   OK 'uploads/1771891828360-an6c1dhuyyb.jpg' (StorageClass: STANDARD)
[2026-03-12 10:29:21] [INFO] Copying: s3://asoose-storage/uploads/1771891834513-ad3h1trvbpt.jpg  -->  s3://asoose-storage-migration/uploads/1771891834513-ad3h1trvbpt.jpg
[2026-03-12 10:29:28] [INFO]   OK 'uploads/1771891834513-ad3h1trvbpt.jpg' (StorageClass: STANDARD)
[2026-03-12 10:29:28] [INFO] Copying: s3://asoose-storage/uploads/1771891852468-jxcxao0ya6.jpeg  -->  s3://asoose-storage-migration/uploads/1771891852468-jxcxao0ya6.jpeg
[2026-03-12 10:29:35] [INFO]   OK 'uploads/1771891852468-jxcxao0ya6.jpeg' (StorageClass: STANDARD)
[2026-03-12 10:29:35] [INFO] Copying: s3://asoose-storage/uploads/1771891903691-4vuwu5w1z2r.jpeg  -->  s3://asoose-storage-migration/uploads/1771891903691-4vuwu5w1z2r.jpeg
[2026-03-12 10:29:47] [INFO]   OK 'uploads/1771891903691-4vuwu5w1z2r.jpeg' (StorageClass: STANDARD)
[2026-03-12 10:29:47] [INFO] Copying: s3://asoose-storage/uploads/1771934233938-xwdoxvywfnf.jpg  -->  s3://asoose-storage-migration/uploads/1771934233938-xwdoxvywfnf.jpg
[2026-03-12 10:29:55] [INFO]   OK 'uploads/1771934233938-xwdoxvywfnf.jpg' (StorageClass: STANDARD)
[2026-03-12 10:29:55] [INFO] Copying: s3://asoose-storage/uploads/1771934317724-l62bshv64d.jpg  -->  s3://asoose-storage-migration/uploads/1771934317724-l62bshv64d.jpg
[2026-03-12 10:30:02] [INFO]   OK 'uploads/1771934317724-l62bshv64d.jpg' (StorageClass: STANDARD)
[2026-03-12 10:30:02] [INFO] Copying: s3://asoose-storage/uploads/1771934360392-0nyehsbha97b.jpg  -->  s3://asoose-storage-migration/uploads/1771934360392-0nyehsbha97b.jpg
[2026-03-12 10:30:09] [INFO]   OK 'uploads/1771934360392-0nyehsbha97b.jpg' (StorageClass: STANDARD)
[2026-03-12 10:30:09] [INFO] Copying: s3://asoose-storage/uploads/1771934816330-ce7jlf6tpb.jpg  -->  s3://asoose-storage-migration/uploads/1771934816330-ce7jlf6tpb.jpg
[2026-03-12 10:30:16] [INFO]   OK 'uploads/1771934816330-ce7jlf6tpb.jpg' (StorageClass: STANDARD)
[2026-03-12 10:30:16] [INFO] Copying: s3://asoose-storage/uploads/1771934859098-34wxb4da7sv.jpg  -->  s3://asoose-storage-migration/uploads/1771934859098-34wxb4da7sv.jpg
[2026-03-12 10:30:23] [INFO]   OK 'uploads/1771934859098-34wxb4da7sv.jpg' (StorageClass: STANDARD)
[2026-03-12 10:30:23] [INFO] Copying: s3://asoose-storage/uploads/1771934904253-ludy1kgbog.jpg  -->  s3://asoose-storage-migration/uploads/1771934904253-ludy1kgbog.jpg
[2026-03-12 10:30:31] [INFO]   OK 'uploads/1771934904253-ludy1kgbog.jpg' (StorageClass: STANDARD)
[2026-03-12 10:30:31] [INFO] Copying: s3://asoose-storage/uploads/1771934942085-ou4kj7zg91p.jpg  -->  s3://asoose-storage-migration/uploads/1771934942085-ou4kj7zg91p.jpg
[2026-03-12 10:30:38] [INFO]   OK 'uploads/1771934942085-ou4kj7zg91p.jpg' (StorageClass: STANDARD)
[2026-03-12 10:30:38] [INFO] Copying: s3://asoose-storage/uploads/1772456648474-icpagt1ky3.jpg  -->  s3://asoose-storage-migration/uploads/1772456648474-icpagt1ky3.jpg
[2026-03-12 10:30:44] [INFO]   OK 'uploads/1772456648474-icpagt1ky3.jpg' (StorageClass: STANDARD)
[2026-03-12 10:30:44] [INFO] Copying: s3://asoose-storage/uploads/1772456697100-7ez6raqobb2.jpg  -->  s3://asoose-storage-migration/uploads/1772456697100-7ez6raqobb2.jpg
[2026-03-12 10:30:52] [INFO]   OK 'uploads/1772456697100-7ez6raqobb2.jpg' (StorageClass: STANDARD)
[2026-03-12 10:30:52] [INFO] Copying: s3://asoose-storage/uploads/1772456756996-23l5tzwzs04.jpg  -->  s3://asoose-storage-migration/uploads/1772456756996-23l5tzwzs04.jpg
[2026-03-12 10:30:58] [INFO]   OK 'uploads/1772456756996-23l5tzwzs04.jpg' (StorageClass: STANDARD)
[2026-03-12 10:30:58] [INFO] Copying: s3://asoose-storage/uploads/1772456837056-vcd5xxxcioq.jpg  -->  s3://asoose-storage-migration/uploads/1772456837056-vcd5xxxcioq.jpg
[2026-03-12 10:31:06] [INFO]   OK 'uploads/1772456837056-vcd5xxxcioq.jpg' (StorageClass: STANDARD)
[2026-03-12 10:31:06] [INFO] Copying: s3://asoose-storage/uploads/1772456918793-g1l604dcnmt.jpg  -->  s3://asoose-storage-migration/uploads/1772456918793-g1l604dcnmt.jpg
[2026-03-12 10:31:13] [INFO]   OK 'uploads/1772456918793-g1l604dcnmt.jpg' (StorageClass: STANDARD)
[2026-03-12 10:31:13] [INFO] Copying: s3://asoose-storage/uploads/1772457035312-l77v9hsmdmb.jpg  -->  s3://asoose-storage-migration/uploads/1772457035312-l77v9hsmdmb.jpg
[2026-03-12 10:31:21] [INFO]   OK 'uploads/1772457035312-l77v9hsmdmb.jpg' (StorageClass: STANDARD)
[2026-03-12 10:31:21] [INFO] Copying: s3://asoose-storage/uploads/1772457200388-uzs27l9jzan.jpg  -->  s3://asoose-storage-migration/uploads/1772457200388-uzs27l9jzan.jpg
[2026-03-12 10:31:28] [INFO]   OK 'uploads/1772457200388-uzs27l9jzan.jpg' (StorageClass: STANDARD)
[2026-03-12 10:31:28] [INFO] Copying: s3://asoose-storage/uploads/1772537263155-oxd7o3o31z.jpg  -->  s3://asoose-storage-migration/uploads/1772537263155-oxd7o3o31z.jpg
[2026-03-12 10:31:36] [INFO]   OK 'uploads/1772537263155-oxd7o3o31z.jpg' (StorageClass: STANDARD)
[2026-03-12 10:31:36] [INFO] Copying: s3://asoose-storage/uploads/1772616605446-gv1s8ko1xs.jpg  -->  s3://asoose-storage-migration/uploads/1772616605446-gv1s8ko1xs.jpg
[2026-03-12 10:31:43] [INFO]   OK 'uploads/1772616605446-gv1s8ko1xs.jpg' (StorageClass: STANDARD)
[2026-03-12 10:31:43] [INFO] Copying: s3://asoose-storage/uploads/1772616932730-ginkdokm1po.jpg  -->  s3://asoose-storage-migration/uploads/1772616932730-ginkdokm1po.jpg
[2026-03-12 10:31:50] [INFO]   OK 'uploads/1772616932730-ginkdokm1po.jpg' (StorageClass: STANDARD)
[2026-03-12 10:31:50] [INFO] Copying: s3://asoose-storage/uploads/1772617043449-lm5ydyh7b.jpg  -->  s3://asoose-storage-migration/uploads/1772617043449-lm5ydyh7b.jpg
[2026-03-12 10:31:58] [INFO]   OK 'uploads/1772617043449-lm5ydyh7b.jpg' (StorageClass: STANDARD)
[2026-03-12 10:31:58] [INFO] Copying: s3://asoose-storage/uploads/1772617106004-fqkkh4s34m7.jpg  -->  s3://asoose-storage-migration/uploads/1772617106004-fqkkh4s34m7.jpg
[2026-03-12 10:32:06] [INFO]   OK 'uploads/1772617106004-fqkkh4s34m7.jpg' (StorageClass: STANDARD)
[2026-03-12 10:32:06] [INFO] Copying: s3://asoose-storage/uploads/1772617301573-j5ku9xhuxri.jpg  -->  s3://asoose-storage-migration/uploads/1772617301573-j5ku9xhuxri.jpg
[2026-03-12 10:32:15] [INFO]   OK 'uploads/1772617301573-j5ku9xhuxri.jpg' (StorageClass: STANDARD)
[2026-03-12 10:32:15] [INFO] Copying: s3://asoose-storage/uploads/1772617490588-s3vu4id2bu.jpg  -->  s3://asoose-storage-migration/uploads/1772617490588-s3vu4id2bu.jpg
[2026-03-12 10:32:26] [INFO]   OK 'uploads/1772617490588-s3vu4id2bu.jpg' (StorageClass: STANDARD)
[2026-03-12 10:32:26] [INFO] Copying: s3://asoose-storage/uploads/1772617555167-2nt3inzco5r.jpg  -->  s3://asoose-storage-migration/uploads/1772617555167-2nt3inzco5r.jpg
[2026-03-12 10:33:41] [INFO]   OK 'uploads/1772617555167-2nt3inzco5r.jpg' (StorageClass: STANDARD)
[2026-03-12 10:33:41] [INFO] Copying: s3://asoose-storage/uploads/1772617637428-0zh5f5kw8uhn.jpg  -->  s3://asoose-storage-migration/uploads/1772617637428-0zh5f5kw8uhn.jpg
[2026-03-12 10:33:51] [INFO]   OK 'uploads/1772617637428-0zh5f5kw8uhn.jpg' (StorageClass: STANDARD)
[2026-03-12 10:33:51] [INFO] Copying: s3://asoose-storage/uploads/1772617701450-qhaz06r0b3.jpg  -->  s3://asoose-storage-migration/uploads/1772617701450-qhaz06r0b3.jpg
[2026-03-12 10:33:59] [INFO]   OK 'uploads/1772617701450-qhaz06r0b3.jpg' (StorageClass: STANDARD)
[2026-03-12 10:33:59] [INFO] Copying: s3://asoose-storage/uploads/1772617758396-pwz3rb4qrv.jpg  -->  s3://asoose-storage-migration/uploads/1772617758396-pwz3rb4qrv.jpg
[2026-03-12 10:34:06] [INFO]   OK 'uploads/1772617758396-pwz3rb4qrv.jpg' (StorageClass: STANDARD)
[2026-03-12 10:34:06] [INFO] Copying: s3://asoose-storage/uploads/1772617850653-y49ks82fym.jpg  -->  s3://asoose-storage-migration/uploads/1772617850653-y49ks82fym.jpg
[2026-03-12 10:34:14] [INFO]   OK 'uploads/1772617850653-y49ks82fym.jpg' (StorageClass: STANDARD)
[2026-03-12 10:34:14] [INFO] Copying: s3://asoose-storage/uploads/1772617927848-1cw4bijxiy2.jpg  -->  s3://asoose-storage-migration/uploads/1772617927848-1cw4bijxiy2.jpg
[2026-03-12 10:34:21] [INFO]   OK 'uploads/1772617927848-1cw4bijxiy2.jpg' (StorageClass: STANDARD)
[2026-03-12 10:34:21] [INFO] Copying: s3://asoose-storage/uploads/1772618988041-itohvtkqcs.jpg  -->  s3://asoose-storage-migration/uploads/1772618988041-itohvtkqcs.jpg
[2026-03-12 10:34:29] [INFO]   OK 'uploads/1772618988041-itohvtkqcs.jpg' (StorageClass: STANDARD)
[2026-03-12 10:34:29] [INFO] Copying: s3://asoose-storage/uploads/1772619061684-ojzwe2vdxte.jpg  -->  s3://asoose-storage-migration/uploads/1772619061684-ojzwe2vdxte.jpg
[2026-03-12 10:34:36] [INFO]   OK 'uploads/1772619061684-ojzwe2vdxte.jpg' (StorageClass: STANDARD)
[2026-03-12 10:34:36] [INFO] Copying: s3://asoose-storage/uploads/1772619123171-wfpku43lce.jpg  -->  s3://asoose-storage-migration/uploads/1772619123171-wfpku43lce.jpg
[2026-03-12 10:34:43] [INFO]   OK 'uploads/1772619123171-wfpku43lce.jpg' (StorageClass: STANDARD)
[2026-03-12 10:34:43] [INFO] Copying: s3://asoose-storage/uploads/1772619602955-wxnffc4064.jpg  -->  s3://asoose-storage-migration/uploads/1772619602955-wxnffc4064.jpg
[2026-03-12 10:34:51] [INFO]   OK 'uploads/1772619602955-wxnffc4064.jpg' (StorageClass: STANDARD)
[2026-03-12 10:34:51] [INFO] Copying: s3://asoose-storage/uploads/1772619792652-q1geuiucf3c.jpg  -->  s3://asoose-storage-migration/uploads/1772619792652-q1geuiucf3c.jpg
[2026-03-12 10:34:58] [INFO]   OK 'uploads/1772619792652-q1geuiucf3c.jpg' (StorageClass: STANDARD)
[2026-03-12 10:34:58] [INFO] Copying: s3://asoose-storage/uploads/1772619892890-7ra541jvugh.jpg  -->  s3://asoose-storage-migration/uploads/1772619892890-7ra541jvugh.jpg
[2026-03-12 10:35:06] [INFO]   OK 'uploads/1772619892890-7ra541jvugh.jpg' (StorageClass: STANDARD)
[2026-03-12 10:35:06] [INFO] Copying: s3://asoose-storage/uploads/1772619991191-74qh83luzpd.jpg  -->  s3://asoose-storage-migration/uploads/1772619991191-74qh83luzpd.jpg
[2026-03-12 10:35:12] [INFO]   OK 'uploads/1772619991191-74qh83luzpd.jpg' (StorageClass: STANDARD)
[2026-03-12 10:35:13] [INFO] Copying: s3://asoose-storage/uploads/1772620037286-pbitqk239fi.jpg  -->  s3://asoose-storage-migration/uploads/1772620037286-pbitqk239fi.jpg
[2026-03-12 10:35:19] [INFO]   OK 'uploads/1772620037286-pbitqk239fi.jpg' (StorageClass: STANDARD)
[2026-03-12 10:35:19] [INFO] Copying: s3://asoose-storage/uploads/1772620187885-d89tcmam05o.jpg  -->  s3://asoose-storage-migration/uploads/1772620187885-d89tcmam05o.jpg
[2026-03-12 10:35:32] [INFO]   OK 'uploads/1772620187885-d89tcmam05o.jpg' (StorageClass: STANDARD)
[2026-03-12 10:35:32] [INFO] Copying: s3://asoose-storage/uploads/1772620252177-yhitzs6b7o.jpg  -->  s3://asoose-storage-migration/uploads/1772620252177-yhitzs6b7o.jpg
[2026-03-12 10:35:40] [INFO]   OK 'uploads/1772620252177-yhitzs6b7o.jpg' (StorageClass: STANDARD)
[2026-03-12 10:35:40] [INFO] Copying: s3://asoose-storage/uploads/1772620720291-fzf42tbtt6.jpg  -->  s3://asoose-storage-migration/uploads/1772620720291-fzf42tbtt6.jpg
[2026-03-12 10:35:52] [INFO]   OK 'uploads/1772620720291-fzf42tbtt6.jpg' (StorageClass: STANDARD)
[2026-03-12 10:35:52] [INFO] Copying: s3://asoose-storage/uploads/1772620720618-o9bz0879jpi.jpg  -->  s3://asoose-storage-migration/uploads/1772620720618-o9bz0879jpi.jpg
[2026-03-12 10:35:59] [INFO]   OK 'uploads/1772620720618-o9bz0879jpi.jpg' (StorageClass: STANDARD)
[2026-03-12 10:35:59] [INFO] Copying: s3://asoose-storage/uploads/1772621660938-j5qevb9d8am.jpg  -->  s3://asoose-storage-migration/uploads/1772621660938-j5qevb9d8am.jpg
[2026-03-12 10:36:07] [INFO]   OK 'uploads/1772621660938-j5qevb9d8am.jpg' (StorageClass: STANDARD)
[2026-03-12 10:36:07] [INFO] Copying: s3://asoose-storage/uploads/1772622159681-qkj2i7ags0i.jpg  -->  s3://asoose-storage-migration/uploads/1772622159681-qkj2i7ags0i.jpg
[2026-03-12 10:36:14] [INFO]   OK 'uploads/1772622159681-qkj2i7ags0i.jpg' (StorageClass: STANDARD)
[2026-03-12 10:36:14] [INFO] Copying: s3://asoose-storage/uploads/1772622209139-i24w9hchoej.jpg  -->  s3://asoose-storage-migration/uploads/1772622209139-i24w9hchoej.jpg
[2026-03-12 10:36:21] [INFO]   OK 'uploads/1772622209139-i24w9hchoej.jpg' (StorageClass: STANDARD)
[2026-03-12 10:36:21] [INFO] Copying: s3://asoose-storage/uploads/1772622290609-ghmddctwgvw.jpg  -->  s3://asoose-storage-migration/uploads/1772622290609-ghmddctwgvw.jpg
[2026-03-12 10:36:28] [INFO]   OK 'uploads/1772622290609-ghmddctwgvw.jpg' (StorageClass: STANDARD)
[2026-03-12 10:36:28] [INFO] Copying: s3://asoose-storage/uploads/1772622915915-cnn1rbuqx3v.jpg  -->  s3://asoose-storage-migration/uploads/1772622915915-cnn1rbuqx3v.jpg
[2026-03-12 10:36:36] [INFO]   OK 'uploads/1772622915915-cnn1rbuqx3v.jpg' (StorageClass: STANDARD)
[2026-03-12 10:36:36] [INFO] Copying: s3://asoose-storage/uploads/1772622942069-94u1cqjzjud.jpg  -->  s3://asoose-storage-migration/uploads/1772622942069-94u1cqjzjud.jpg
[2026-03-12 10:36:44] [INFO]   OK 'uploads/1772622942069-94u1cqjzjud.jpg' (StorageClass: STANDARD)
[2026-03-12 10:36:44] [INFO] Copying: s3://asoose-storage/uploads/1772636299785-6cwt8zxc3yt.jpg  -->  s3://asoose-storage-migration/uploads/1772636299785-6cwt8zxc3yt.jpg
[2026-03-12 10:36:51] [INFO]   OK 'uploads/1772636299785-6cwt8zxc3yt.jpg' (StorageClass: STANDARD)
[2026-03-12 10:36:51] [INFO] Copying: s3://asoose-storage/uploads/1772636416567-8w63v67n4v9.jpg  -->  s3://asoose-storage-migration/uploads/1772636416567-8w63v67n4v9.jpg
[2026-03-12 10:37:03] [INFO]   OK 'uploads/1772636416567-8w63v67n4v9.jpg' (StorageClass: STANDARD)
[2026-03-12 10:37:03] [INFO] Copying: s3://asoose-storage/uploads/1772636867754-20b0ihsyrhu.jpg  -->  s3://asoose-storage-migration/uploads/1772636867754-20b0ihsyrhu.jpg
[2026-03-12 10:37:10] [INFO]   OK 'uploads/1772636867754-20b0ihsyrhu.jpg' (StorageClass: STANDARD)
[2026-03-12 10:37:10] [INFO] Copying: s3://asoose-storage/uploads/1772636983665-vc7uja2bc4.jpg  -->  s3://asoose-storage-migration/uploads/1772636983665-vc7uja2bc4.jpg
[2026-03-12 10:37:19] [INFO]   OK 'uploads/1772636983665-vc7uja2bc4.jpg' (StorageClass: STANDARD)
[2026-03-12 10:37:19] [INFO] Copying: s3://asoose-storage/uploads/1772637326611-yrzjwafcmok.jpg  -->  s3://asoose-storage-migration/uploads/1772637326611-yrzjwafcmok.jpg
[2026-03-12 10:37:27] [INFO]   OK 'uploads/1772637326611-yrzjwafcmok.jpg' (StorageClass: STANDARD)
[2026-03-12 10:37:27] [INFO] Copying: s3://asoose-storage/uploads/1772637513924-b940ghfw1a.jpg  -->  s3://asoose-storage-migration/uploads/1772637513924-b940ghfw1a.jpg
[2026-03-12 10:37:34] [INFO]   OK 'uploads/1772637513924-b940ghfw1a.jpg' (StorageClass: STANDARD)
[2026-03-12 10:37:34] [INFO] Copying: s3://asoose-storage/uploads/1772637715105-itpxo4l6j2r.jpg  -->  s3://asoose-storage-migration/uploads/1772637715105-itpxo4l6j2r.jpg
[2026-03-12 10:37:41] [INFO]   OK 'uploads/1772637715105-itpxo4l6j2r.jpg' (StorageClass: STANDARD)
[2026-03-12 10:37:41] [INFO] Copying: s3://asoose-storage/uploads/1772637932780-qzmcbtnmes.jpg  -->  s3://asoose-storage-migration/uploads/1772637932780-qzmcbtnmes.jpg
[2026-03-12 10:37:58] [INFO]   OK 'uploads/1772637932780-qzmcbtnmes.jpg' (StorageClass: STANDARD)
[2026-03-12 10:37:58] [INFO] Copying: s3://asoose-storage/uploads/1772638149208-vvb6840y9x.jpg  -->  s3://asoose-storage-migration/uploads/1772638149208-vvb6840y9x.jpg
[2026-03-12 10:38:05] [INFO]   OK 'uploads/1772638149208-vvb6840y9x.jpg' (StorageClass: STANDARD)
[2026-03-12 10:38:05] [INFO] Copying: s3://asoose-storage/uploads/1772715386142-8p5p55o21h4.jpg  -->  s3://asoose-storage-migration/uploads/1772715386142-8p5p55o21h4.jpg
[2026-03-12 10:38:13] [INFO]   OK 'uploads/1772715386142-8p5p55o21h4.jpg' (StorageClass: STANDARD)
[2026-03-12 10:38:13] [INFO] Copying: s3://asoose-storage/uploads/1772715415917-tgwmfir6xjd.jpg  -->  s3://asoose-storage-migration/uploads/1772715415917-tgwmfir6xjd.jpg
[2026-03-12 10:38:20] [INFO]   OK 'uploads/1772715415917-tgwmfir6xjd.jpg' (StorageClass: STANDARD)
[2026-03-12 10:38:20] [INFO] Copying: s3://asoose-storage/uploads/1772715471954-dpzaz5dik25.jpg  -->  s3://asoose-storage-migration/uploads/1772715471954-dpzaz5dik25.jpg
[2026-03-12 10:38:28] [INFO]   OK 'uploads/1772715471954-dpzaz5dik25.jpg' (StorageClass: STANDARD)
[2026-03-12 10:38:28] [INFO] Copying: s3://asoose-storage/uploads/1772715558665-ywchhsjztf8.jpeg  -->  s3://asoose-storage-migration/uploads/1772715558665-ywchhsjztf8.jpeg
[2026-03-12 10:38:36] [INFO]   OK 'uploads/1772715558665-ywchhsjztf8.jpeg' (StorageClass: STANDARD)
[2026-03-12 10:38:36] [INFO] Copying: s3://asoose-storage/uploads/1772715585019-kgzxhwmdu1e.jpeg  -->  s3://asoose-storage-migration/uploads/1772715585019-kgzxhwmdu1e.jpeg
[2026-03-12 10:38:43] [INFO]   OK 'uploads/1772715585019-kgzxhwmdu1e.jpeg' (StorageClass: STANDARD)
[2026-03-12 10:38:43] [INFO] Copying: s3://asoose-storage/uploads/1772716058582-htppksurtls.jpg  -->  s3://asoose-storage-migration/uploads/1772716058582-htppksurtls.jpg
[2026-03-12 10:38:52] [INFO]   OK 'uploads/1772716058582-htppksurtls.jpg' (StorageClass: STANDARD)
[2026-03-12 10:38:52] [INFO] Copying: s3://asoose-storage/uploads/1772716589974-iimgdllyj6.jpg  -->  s3://asoose-storage-migration/uploads/1772716589974-iimgdllyj6.jpg
[2026-03-12 10:38:59] [INFO]   OK 'uploads/1772716589974-iimgdllyj6.jpg' (StorageClass: STANDARD)
[2026-03-12 10:38:59] [INFO] Copying: s3://asoose-storage/uploads/1772716612208-waq9m43qgt.jpg  -->  s3://asoose-storage-migration/uploads/1772716612208-waq9m43qgt.jpg
[2026-03-12 10:39:07] [INFO]   OK 'uploads/1772716612208-waq9m43qgt.jpg' (StorageClass: STANDARD)
[2026-03-12 10:39:07] [INFO] Copying: s3://asoose-storage/uploads/1772716639258-1r0oeduib16.jpg  -->  s3://asoose-storage-migration/uploads/1772716639258-1r0oeduib16.jpg
[2026-03-12 10:39:14] [INFO]   OK 'uploads/1772716639258-1r0oeduib16.jpg' (StorageClass: STANDARD)
[2026-03-12 10:39:14] [INFO] Copying: s3://asoose-storage/uploads/1772716737443-0y79kwgzlvxj.jpg  -->  s3://asoose-storage-migration/uploads/1772716737443-0y79kwgzlvxj.jpg
[2026-03-12 10:39:21] [INFO]   OK 'uploads/1772716737443-0y79kwgzlvxj.jpg' (StorageClass: STANDARD)
[2026-03-12 10:39:21] [INFO] Copying: s3://asoose-storage/uploads/1772717365781-igkbbj2v579.jpg  -->  s3://asoose-storage-migration/uploads/1772717365781-igkbbj2v579.jpg
[2026-03-12 10:39:28] [INFO]   OK 'uploads/1772717365781-igkbbj2v579.jpg' (StorageClass: STANDARD)
[2026-03-12 10:39:28] [INFO] Copying: s3://asoose-storage/uploads/1772717609271-swgnqaco6e7.jpg  -->  s3://asoose-storage-migration/uploads/1772717609271-swgnqaco6e7.jpg
[2026-03-12 10:39:35] [INFO]   OK 'uploads/1772717609271-swgnqaco6e7.jpg' (StorageClass: STANDARD)
[2026-03-12 10:39:35] [INFO] Copying: s3://asoose-storage/uploads/1772718892541-q95jckhsqv.jpeg  -->  s3://asoose-storage-migration/uploads/1772718892541-q95jckhsqv.jpeg
[2026-03-12 10:39:42] [INFO]   OK 'uploads/1772718892541-q95jckhsqv.jpeg' (StorageClass: STANDARD)
[2026-03-12 10:39:42] [INFO] Copying: s3://asoose-storage/uploads/1772718957006-96szznj8apr.jpeg  -->  s3://asoose-storage-migration/uploads/1772718957006-96szznj8apr.jpeg
[2026-03-12 10:39:48] [INFO]   OK 'uploads/1772718957006-96szznj8apr.jpeg' (StorageClass: STANDARD)
[2026-03-12 10:39:48] [INFO] Copying: s3://asoose-storage/uploads/1772719052990-fhxa91nvo1.jpeg  -->  s3://asoose-storage-migration/uploads/1772719052990-fhxa91nvo1.jpeg
[2026-03-12 10:39:55] [INFO]   OK 'uploads/1772719052990-fhxa91nvo1.jpeg' (StorageClass: STANDARD)
[2026-03-12 10:39:55] [INFO] Copying: s3://asoose-storage/uploads/1772719129557-tmb21sf0dcp.jpeg  -->  s3://asoose-storage-migration/uploads/1772719129557-tmb21sf0dcp.jpeg
[2026-03-12 10:40:02] [INFO]   OK 'uploads/1772719129557-tmb21sf0dcp.jpeg' (StorageClass: STANDARD)
[2026-03-12 10:40:02] [INFO] Copying: s3://asoose-storage/uploads/1772719211411-kl1tngb2s6.jpeg  -->  s3://asoose-storage-migration/uploads/1772719211411-kl1tngb2s6.jpeg
[2026-03-12 10:40:10] [INFO]   OK 'uploads/1772719211411-kl1tngb2s6.jpeg' (StorageClass: STANDARD)
[2026-03-12 10:40:10] [INFO] Copying: s3://asoose-storage/uploads/1772719458603-0f4qyxrz59p.jpeg  -->  s3://asoose-storage-migration/uploads/1772719458603-0f4qyxrz59p.jpeg
[2026-03-12 10:40:18] [INFO]   OK 'uploads/1772719458603-0f4qyxrz59p.jpeg' (StorageClass: STANDARD)
[2026-03-12 10:40:18] [INFO] Copying: s3://asoose-storage/uploads/1772719480926-zopikwmp549.jpg  -->  s3://asoose-storage-migration/uploads/1772719480926-zopikwmp549.jpg
[2026-03-12 10:40:26] [INFO]   OK 'uploads/1772719480926-zopikwmp549.jpg' (StorageClass: STANDARD)
[2026-03-12 10:40:26] [INFO] Copying: s3://asoose-storage/uploads/1772719554488-agjlqwtrxh4.jpeg  -->  s3://asoose-storage-migration/uploads/1772719554488-agjlqwtrxh4.jpeg
[2026-03-12 10:40:34] [INFO]   OK 'uploads/1772719554488-agjlqwtrxh4.jpeg' (StorageClass: STANDARD)
[2026-03-12 10:40:34] [INFO] Copying: s3://asoose-storage/uploads/1772719653438-w1bib0pq6i.jpeg  -->  s3://asoose-storage-migration/uploads/1772719653438-w1bib0pq6i.jpeg
[2026-03-12 10:40:42] [INFO]   OK 'uploads/1772719653438-w1bib0pq6i.jpeg' (StorageClass: STANDARD)
[2026-03-12 10:40:42] [INFO] Copying: s3://asoose-storage/uploads/1772719733147-3ud3sgd13za.jpg  -->  s3://asoose-storage-migration/uploads/1772719733147-3ud3sgd13za.jpg
[2026-03-12 10:40:50] [INFO]   OK 'uploads/1772719733147-3ud3sgd13za.jpg' (StorageClass: STANDARD)
[2026-03-12 10:40:50] [INFO] Copying: s3://asoose-storage/uploads/1772719877753-8zj99xp2vpo.jpg  -->  s3://asoose-storage-migration/uploads/1772719877753-8zj99xp2vpo.jpg
[2026-03-12 10:40:58] [INFO]   OK 'uploads/1772719877753-8zj99xp2vpo.jpg' (StorageClass: STANDARD)
[2026-03-12 10:40:58] [INFO] Copying: s3://asoose-storage/uploads/1772719940275-pos5w7j3hkp.jpeg  -->  s3://asoose-storage-migration/uploads/1772719940275-pos5w7j3hkp.jpeg
[2026-03-12 10:41:06] [INFO]   OK 'uploads/1772719940275-pos5w7j3hkp.jpeg' (StorageClass: STANDARD)
[2026-03-12 10:41:06] [INFO] Copying: s3://asoose-storage/uploads/1772719954973-5mrw4lgra1.jpg  -->  s3://asoose-storage-migration/uploads/1772719954973-5mrw4lgra1.jpg
[2026-03-12 10:41:13] [INFO]   OK 'uploads/1772719954973-5mrw4lgra1.jpg' (StorageClass: STANDARD)
[2026-03-12 10:41:13] [INFO] Copying: s3://asoose-storage/uploads/1772720019103-mjt1w2698pm.jpeg  -->  s3://asoose-storage-migration/uploads/1772720019103-mjt1w2698pm.jpeg
[2026-03-12 10:41:21] [INFO]   OK 'uploads/1772720019103-mjt1w2698pm.jpeg' (StorageClass: STANDARD)
[2026-03-12 10:41:21] [INFO] Copying: s3://asoose-storage/uploads/1772720025439-i3diqoky41l.jpeg  -->  s3://asoose-storage-migration/uploads/1772720025439-i3diqoky41l.jpeg
[2026-03-12 10:41:28] [INFO]   OK 'uploads/1772720025439-i3diqoky41l.jpeg' (StorageClass: STANDARD)
[2026-03-12 10:41:28] [INFO] Copying: s3://asoose-storage/uploads/1772720034130-pieaypsyhz.jpeg  -->  s3://asoose-storage-migration/uploads/1772720034130-pieaypsyhz.jpeg
[2026-03-12 10:41:36] [INFO]   OK 'uploads/1772720034130-pieaypsyhz.jpeg' (StorageClass: STANDARD)
[2026-03-12 10:41:36] [INFO] Copying: s3://asoose-storage/uploads/1772721063049-slobpdvo66l.jpg  -->  s3://asoose-storage-migration/uploads/1772721063049-slobpdvo66l.jpg
[2026-03-12 10:41:45] [INFO]   OK 'uploads/1772721063049-slobpdvo66l.jpg' (StorageClass: STANDARD)
[2026-03-12 10:41:45] [INFO] Copying: s3://asoose-storage/uploads/1772721173337-tt4yddo7ipr.jpg  -->  s3://asoose-storage-migration/uploads/1772721173337-tt4yddo7ipr.jpg
[2026-03-12 10:41:52] [INFO]   OK 'uploads/1772721173337-tt4yddo7ipr.jpg' (StorageClass: STANDARD)
[2026-03-12 10:41:52] [INFO] Copying: s3://asoose-storage/uploads/1772721246636-lziuhv0kto.jpg  -->  s3://asoose-storage-migration/uploads/1772721246636-lziuhv0kto.jpg
[2026-03-12 10:42:00] [INFO]   OK 'uploads/1772721246636-lziuhv0kto.jpg' (StorageClass: STANDARD)
[2026-03-12 10:42:00] [INFO] Copying: s3://asoose-storage/uploads/1772721449366-a7e315876of.jpg  -->  s3://asoose-storage-migration/uploads/1772721449366-a7e315876of.jpg
[2026-03-12 10:42:08] [INFO]   OK 'uploads/1772721449366-a7e315876of.jpg' (StorageClass: STANDARD)
[2026-03-12 10:42:08] [INFO] Copying: s3://asoose-storage/uploads/1772721464375-2zf3yx58yma.jpg  -->  s3://asoose-storage-migration/uploads/1772721464375-2zf3yx58yma.jpg
[2026-03-12 10:42:16] [INFO]   OK 'uploads/1772721464375-2zf3yx58yma.jpg' (StorageClass: STANDARD)
[2026-03-12 10:42:16] [INFO] Copying: s3://asoose-storage/uploads/1772721553168-r37n0ne6lua.jpg  -->  s3://asoose-storage-migration/uploads/1772721553168-r37n0ne6lua.jpg
[2026-03-12 10:42:23] [INFO]   OK 'uploads/1772721553168-r37n0ne6lua.jpg' (StorageClass: STANDARD)
[2026-03-12 10:42:23] [INFO] Copying: s3://asoose-storage/uploads/1772721654030-5xbotm1d87j.jpg  -->  s3://asoose-storage-migration/uploads/1772721654030-5xbotm1d87j.jpg
[2026-03-12 10:42:31] [INFO]   OK 'uploads/1772721654030-5xbotm1d87j.jpg' (StorageClass: STANDARD)
[2026-03-12 10:42:31] [INFO] Copying: s3://asoose-storage/uploads/1772721859470-7lkd91i6yea.jpg  -->  s3://asoose-storage-migration/uploads/1772721859470-7lkd91i6yea.jpg
[2026-03-12 10:42:39] [INFO]   OK 'uploads/1772721859470-7lkd91i6yea.jpg' (StorageClass: STANDARD)
[2026-03-12 10:42:39] [INFO] Copying: s3://asoose-storage/uploads/1772731854310-hsml3lzw8xv.jpg  -->  s3://asoose-storage-migration/uploads/1772731854310-hsml3lzw8xv.jpg
[2026-03-12 10:42:47] [INFO]   OK 'uploads/1772731854310-hsml3lzw8xv.jpg' (StorageClass: STANDARD)
[2026-03-12 10:42:47] [INFO] Copying: s3://asoose-storage/uploads/1772731908147-7twuku6aotn.jpg  -->  s3://asoose-storage-migration/uploads/1772731908147-7twuku6aotn.jpg
[2026-03-12 10:42:55] [INFO]   OK 'uploads/1772731908147-7twuku6aotn.jpg' (StorageClass: STANDARD)
[2026-03-12 10:42:55] [INFO] Copying: s3://asoose-storage/uploads/1772732026963-muad58gtf9l.jpg  -->  s3://asoose-storage-migration/uploads/1772732026963-muad58gtf9l.jpg
[2026-03-12 10:43:03] [INFO]   OK 'uploads/1772732026963-muad58gtf9l.jpg' (StorageClass: STANDARD)
[2026-03-12 10:43:03] [INFO] Copying: s3://asoose-storage/uploads/1772732080884-xpr5vhq5yo.jpg  -->  s3://asoose-storage-migration/uploads/1772732080884-xpr5vhq5yo.jpg
[2026-03-12 10:43:11] [INFO]   OK 'uploads/1772732080884-xpr5vhq5yo.jpg' (StorageClass: STANDARD)
[2026-03-12 10:43:11] [INFO] Copying: s3://asoose-storage/uploads/1772732146711-8nuaijnbqbv.jpg  -->  s3://asoose-storage-migration/uploads/1772732146711-8nuaijnbqbv.jpg
[2026-03-12 10:43:18] [INFO]   OK 'uploads/1772732146711-8nuaijnbqbv.jpg' (StorageClass: STANDARD)
[2026-03-12 10:43:18] [INFO] Copying: s3://asoose-storage/uploads/1772732240276-4h6i5v7kagr.jpg  -->  s3://asoose-storage-migration/uploads/1772732240276-4h6i5v7kagr.jpg
[2026-03-12 10:43:25] [INFO]   OK 'uploads/1772732240276-4h6i5v7kagr.jpg' (StorageClass: STANDARD)
[2026-03-12 10:43:25] [INFO] Copying: s3://asoose-storage/uploads/1772732526648-qlkm1a2634.jpg  -->  s3://asoose-storage-migration/uploads/1772732526648-qlkm1a2634.jpg
[2026-03-12 10:43:32] [INFO]   OK 'uploads/1772732526648-qlkm1a2634.jpg' (StorageClass: STANDARD)
[2026-03-12 10:43:32] [INFO] Copying: s3://asoose-storage/uploads/1772732706830-36njc0cxnnz.jpg  -->  s3://asoose-storage-migration/uploads/1772732706830-36njc0cxnnz.jpg
[2026-03-12 10:43:39] [INFO]   OK 'uploads/1772732706830-36njc0cxnnz.jpg' (StorageClass: STANDARD)
[2026-03-12 10:43:39] [INFO] Copying: s3://asoose-storage/uploads/1772788530177-xhh3n0uiays.jpeg  -->  s3://asoose-storage-migration/uploads/1772788530177-xhh3n0uiays.jpeg
[2026-03-12 10:43:46] [INFO]   OK 'uploads/1772788530177-xhh3n0uiays.jpeg' (StorageClass: STANDARD)
[2026-03-12 10:43:46] [INFO] Copying: s3://asoose-storage/uploads/1772801634567-5ygg5tdka5a.jpg  -->  s3://asoose-storage-migration/uploads/1772801634567-5ygg5tdka5a.jpg
[2026-03-12 10:43:53] [INFO]   OK 'uploads/1772801634567-5ygg5tdka5a.jpg' (StorageClass: STANDARD)
[2026-03-12 10:43:53] [INFO] Copying: s3://asoose-storage/uploads/1772801717022-jbhyn1lxhfk.jpg  -->  s3://asoose-storage-migration/uploads/1772801717022-jbhyn1lxhfk.jpg
[2026-03-12 10:44:00] [INFO]   OK 'uploads/1772801717022-jbhyn1lxhfk.jpg' (StorageClass: STANDARD)
[2026-03-12 10:44:00] [INFO] Copying: s3://asoose-storage/uploads/1772801867791-d4sdhiopw4a.jpg  -->  s3://asoose-storage-migration/uploads/1772801867791-d4sdhiopw4a.jpg
[2026-03-12 10:44:07] [INFO]   OK 'uploads/1772801867791-d4sdhiopw4a.jpg' (StorageClass: STANDARD)
[2026-03-12 10:44:07] [INFO] Copying: s3://asoose-storage/uploads/1772801928025-r7exusq02y.jpg  -->  s3://asoose-storage-migration/uploads/1772801928025-r7exusq02y.jpg
[2026-03-12 10:44:14] [INFO]   OK 'uploads/1772801928025-r7exusq02y.jpg' (StorageClass: STANDARD)
[2026-03-12 10:44:14] [INFO] Copying: s3://asoose-storage/uploads/1772802072866-7s1ao4ty93n.jpg  -->  s3://asoose-storage-migration/uploads/1772802072866-7s1ao4ty93n.jpg
[2026-03-12 10:44:21] [INFO]   OK 'uploads/1772802072866-7s1ao4ty93n.jpg' (StorageClass: STANDARD)
[2026-03-12 10:44:21] [INFO] Copying: s3://asoose-storage/uploads/1772802118609-ft9pmf29v4b.jpg  -->  s3://asoose-storage-migration/uploads/1772802118609-ft9pmf29v4b.jpg
[2026-03-12 10:44:28] [INFO]   OK 'uploads/1772802118609-ft9pmf29v4b.jpg' (StorageClass: STANDARD)
[2026-03-12 10:44:28] [INFO] Copying: s3://asoose-storage/uploads/1772802214414-tmth46j4c8.jpg  -->  s3://asoose-storage-migration/uploads/1772802214414-tmth46j4c8.jpg
[2026-03-12 10:44:35] [INFO]   OK 'uploads/1772802214414-tmth46j4c8.jpg' (StorageClass: STANDARD)
[2026-03-12 10:44:35] [INFO] Copying: s3://asoose-storage/uploads/1772802264673-mrfqzwpv1ab.jpg  -->  s3://asoose-storage-migration/uploads/1772802264673-mrfqzwpv1ab.jpg
[2026-03-12 10:44:43] [INFO]   OK 'uploads/1772802264673-mrfqzwpv1ab.jpg' (StorageClass: STANDARD)
[2026-03-12 10:44:43] [INFO] Copying: s3://asoose-storage/uploads/1773267874400-a0htgis0yq5.jpg  -->  s3://asoose-storage-migration/uploads/1773267874400-a0htgis0yq5.jpg
[2026-03-12 10:44:50] [INFO]   OK 'uploads/1773267874400-a0htgis0yq5.jpg' (StorageClass: STANDARD)
[2026-03-12 10:44:50] [INFO] Copying: s3://asoose-storage/uploads/1773267954887-bzrv6kok2ml.jpg  -->  s3://asoose-storage-migration/uploads/1773267954887-bzrv6kok2ml.jpg
[2026-03-12 10:44:57] [INFO]   OK 'uploads/1773267954887-bzrv6kok2ml.jpg' (StorageClass: STANDARD)
[2026-03-12 10:44:57] [INFO] Copying: s3://asoose-storage/uploads/1773267995988-5cde1eezusj.jpg  -->  s3://asoose-storage-migration/uploads/1773267995988-5cde1eezusj.jpg
[2026-03-12 10:45:04] [INFO]   OK 'uploads/1773267995988-5cde1eezusj.jpg' (StorageClass: STANDARD)
[2026-03-12 10:45:04] [INFO] Copying: s3://asoose-storage/uploads/1773268215029-15wzkbyanal.jpeg  -->  s3://asoose-storage-migration/uploads/1773268215029-15wzkbyanal.jpeg
[2026-03-12 10:45:10] [INFO]   OK 'uploads/1773268215029-15wzkbyanal.jpeg' (StorageClass: STANDARD)
[2026-03-12 10:45:10] [INFO] Copying: s3://asoose-storage/uploads/1773268279840-ogh6pvxhp4k.jpeg  -->  s3://asoose-storage-migration/uploads/1773268279840-ogh6pvxhp4k.jpeg
[2026-03-12 10:45:17] [INFO]   OK 'uploads/1773268279840-ogh6pvxhp4k.jpeg' (StorageClass: STANDARD)
[2026-03-12 10:45:17] [INFO] Copying: s3://asoose-storage/uploads/1773269042246-asqztvn08x.jpg  -->  s3://asoose-storage-migration/uploads/1773269042246-asqztvn08x.jpg
[2026-03-12 10:45:24] [INFO]   OK 'uploads/1773269042246-asqztvn08x.jpg' (StorageClass: STANDARD)
[2026-03-12 10:45:24] [INFO] Copying: s3://asoose-storage/uploads/1773269511451-jhs2z0pxklf.jpg  -->  s3://asoose-storage-migration/uploads/1773269511451-jhs2z0pxklf.jpg
[2026-03-12 10:45:30] [INFO]   OK 'uploads/1773269511451-jhs2z0pxklf.jpg' (StorageClass: STANDARD)
[2026-03-12 10:45:30] [INFO] Copying: s3://asoose-storage/uploads/1773269766248-0eeotb6vztzp.jpg  -->  s3://asoose-storage-migration/uploads/1773269766248-0eeotb6vztzp.jpg
[2026-03-12 10:45:38] [INFO]   OK 'uploads/1773269766248-0eeotb6vztzp.jpg' (StorageClass: STANDARD)
[2026-03-12 10:45:38] [INFO] Copying: s3://asoose-storage/uploads/1773269875062-s8ghfot54dk.jpg  -->  s3://asoose-storage-migration/uploads/1773269875062-s8ghfot54dk.jpg
[2026-03-12 10:45:44] [INFO]   OK 'uploads/1773269875062-s8ghfot54dk.jpg' (StorageClass: STANDARD)
[2026-03-12 10:45:44] [INFO] Copying: s3://asoose-storage/uploads/1773269889907-xm4232alepo.jpg  -->  s3://asoose-storage-migration/uploads/1773269889907-xm4232alepo.jpg
[2026-03-12 10:45:51] [INFO]   OK 'uploads/1773269889907-xm4232alepo.jpg' (StorageClass: STANDARD)
[2026-03-12 10:45:51] [INFO] Copying: s3://asoose-storage/uploads/1773270074952-3z5dhpi0xp3.jpg  -->  s3://asoose-storage-migration/uploads/1773270074952-3z5dhpi0xp3.jpg
[2026-03-12 10:45:59] [INFO]   OK 'uploads/1773270074952-3z5dhpi0xp3.jpg' (StorageClass: STANDARD)
[2026-03-12 10:45:59] [INFO] Copying: s3://asoose-storage/uploads/1773270354944-njxwkkeui6.jpg  -->  s3://asoose-storage-migration/uploads/1773270354944-njxwkkeui6.jpg
[2026-03-12 10:46:05] [INFO]   OK 'uploads/1773270354944-njxwkkeui6.jpg' (StorageClass: STANDARD)
[2026-03-12 10:46:05] [INFO] Copying: s3://asoose-storage/uploads/1773270412500-66cf5iv7eyq.jpg  -->  s3://asoose-storage-migration/uploads/1773270412500-66cf5iv7eyq.jpg
[2026-03-12 10:46:12] [INFO]   OK 'uploads/1773270412500-66cf5iv7eyq.jpg' (StorageClass: STANDARD)
[2026-03-12 10:46:12] [INFO] Copying: s3://asoose-storage/uploads/1773270476253-gawjozdj1a.jpg  -->  s3://asoose-storage-migration/uploads/1773270476253-gawjozdj1a.jpg
[2026-03-12 10:46:19] [INFO]   OK 'uploads/1773270476253-gawjozdj1a.jpg' (StorageClass: STANDARD)
[2026-03-12 10:46:19] [INFO] Copying: s3://asoose-storage/uploads/1773270854178-wxf9wo7wj8.jpg  -->  s3://asoose-storage-migration/uploads/1773270854178-wxf9wo7wj8.jpg
[2026-03-12 10:46:26] [INFO]   OK 'uploads/1773270854178-wxf9wo7wj8.jpg' (StorageClass: STANDARD)
[2026-03-12 10:46:26] [INFO] Copying: s3://asoose-storage/uploads/1773270882854-fs6fi7b8zfj.jpg  -->  s3://asoose-storage-migration/uploads/1773270882854-fs6fi7b8zfj.jpg
[2026-03-12 10:46:33] [INFO]   OK 'uploads/1773270882854-fs6fi7b8zfj.jpg' (StorageClass: STANDARD)
[2026-03-12 10:46:33] [INFO] Copying: s3://asoose-storage/uploads/1773304216896-gir570un2ee.jpg  -->  s3://asoose-storage-migration/uploads/1773304216896-gir570un2ee.jpg
[2026-03-12 10:46:40] [INFO]   OK 'uploads/1773304216896-gir570un2ee.jpg' (StorageClass: STANDARD)
[2026-03-12 10:46:40] [INFO] Copying: s3://asoose-storage/uploads/1773304217083-ye30fu3i9e.jpg  -->  s3://asoose-storage-migration/uploads/1773304217083-ye30fu3i9e.jpg
[2026-03-12 10:46:46] [INFO]   OK 'uploads/1773304217083-ye30fu3i9e.jpg' (StorageClass: STANDARD)
[2026-03-12 10:46:46] [INFO] === Migration Complete ===
[2026-03-12 10:46:46] [INFO] Total   : 237
[2026-03-12 10:46:46] [INFO] Success : 237
[2026-03-12 10:46:46] [INFO] Failed  : 0
